Archive member included to satisfy reference by file (symbol)

d:/arm_gcc/8 2019-q3-update/bin/../lib/gcc/arm-none-eabi/8.3.1/../../../../arm-none-eabi/lib/thumb/v7-m/nofp\libc_nano.a(lib_a-exit.o)
                              d:/arm_gcc/8 2019-q3-update/bin/../lib/gcc/arm-none-eabi/8.3.1/../../../../arm-none-eabi/lib/thumb/v7-m/nofp/crt0.o (exit)
d:/arm_gcc/8 2019-q3-update/bin/../lib/gcc/arm-none-eabi/8.3.1/../../../../arm-none-eabi/lib/thumb/v7-m/nofp\libc_nano.a(lib_a-impure.o)
                              d:/arm_gcc/8 2019-q3-update/bin/../lib/gcc/arm-none-eabi/8.3.1/../../../../arm-none-eabi/lib/thumb/v7-m/nofp\libc_nano.a(lib_a-exit.o) (_global_impure_ptr)
d:/arm_gcc/8 2019-q3-update/bin/../lib/gcc/arm-none-eabi/8.3.1/../../../../arm-none-eabi/lib/thumb/v7-m/nofp\libc_nano.a(lib_a-init.o)
                              d:/arm_gcc/8 2019-q3-update/bin/../lib/gcc/arm-none-eabi/8.3.1/../../../../arm-none-eabi/lib/thumb/v7-m/nofp/crt0.o (__libc_init_array)
d:/arm_gcc/8 2019-q3-update/bin/../lib/gcc/arm-none-eabi/8.3.1/../../../../arm-none-eabi/lib/thumb/v7-m/nofp\libc_nano.a(lib_a-memcpy-stub.o)
                              build/tos_ring_queue.o (memcpy)
d:/arm_gcc/8 2019-q3-update/bin/../lib/gcc/arm-none-eabi/8.3.1/../../../../arm-none-eabi/lib/thumb/v7-m/nofp\libc_nano.a(lib_a-memset.o)
                              d:/arm_gcc/8 2019-q3-update/bin/../lib/gcc/arm-none-eabi/8.3.1/../../../../arm-none-eabi/lib/thumb/v7-m/nofp/crt0.o (memset)
d:/arm_gcc/8 2019-q3-update/bin/../lib/gcc/arm-none-eabi/8.3.1/../../../../arm-none-eabi/lib/thumb/v7-m/nofp\libc_nano.a(lib_a-printf.o)
                              build/main.o (printf)
d:/arm_gcc/8 2019-q3-update/bin/../lib/gcc/arm-none-eabi/8.3.1/../../../../arm-none-eabi/lib/thumb/v7-m/nofp\libc_nano.a(lib_a-putchar.o)
                              build/tos_task.o (putchar)
d:/arm_gcc/8 2019-q3-update/bin/../lib/gcc/arm-none-eabi/8.3.1/../../../../arm-none-eabi/lib/thumb/v7-m/nofp\libc_nano.a(lib_a-strncpy.o)
                              build/tos_task.o (strncpy)
d:/arm_gcc/8 2019-q3-update/bin/../lib/gcc/arm-none-eabi/8.3.1/../../../../arm-none-eabi/lib/thumb/v7-m/nofp\libc_nano.a(lib_a-findfp.o)
                              d:/arm_gcc/8 2019-q3-update/bin/../lib/gcc/arm-none-eabi/8.3.1/../../../../arm-none-eabi/lib/thumb/v7-m/nofp\libc_nano.a(lib_a-printf.o) (__sinit)
d:/arm_gcc/8 2019-q3-update/bin/../lib/gcc/arm-none-eabi/8.3.1/../../../../arm-none-eabi/lib/thumb/v7-m/nofp\libc_nano.a(lib_a-fwalk.o)
                              d:/arm_gcc/8 2019-q3-update/bin/../lib/gcc/arm-none-eabi/8.3.1/../../../../arm-none-eabi/lib/thumb/v7-m/nofp\libc_nano.a(lib_a-findfp.o) (_fwalk)
d:/arm_gcc/8 2019-q3-update/bin/../lib/gcc/arm-none-eabi/8.3.1/../../../../arm-none-eabi/lib/thumb/v7-m/nofp\libc_nano.a(lib_a-lock.o)
                              d:/arm_gcc/8 2019-q3-update/bin/../lib/gcc/arm-none-eabi/8.3.1/../../../../arm-none-eabi/lib/thumb/v7-m/nofp\libc_nano.a(lib_a-findfp.o) (__retarget_lock_init_recursive)
d:/arm_gcc/8 2019-q3-update/bin/../lib/gcc/arm-none-eabi/8.3.1/../../../../arm-none-eabi/lib/thumb/v7-m/nofp\libc_nano.a(lib_a-nano-mallocr.o)
                              d:/arm_gcc/8 2019-q3-update/bin/../lib/gcc/arm-none-eabi/8.3.1/../../../../arm-none-eabi/lib/thumb/v7-m/nofp\libc_nano.a(lib_a-findfp.o) (_malloc_r)
d:/arm_gcc/8 2019-q3-update/bin/../lib/gcc/arm-none-eabi/8.3.1/../../../../arm-none-eabi/lib/thumb/v7-m/nofp\libc_nano.a(lib_a-nano-vfprintf.o)
                              d:/arm_gcc/8 2019-q3-update/bin/../lib/gcc/arm-none-eabi/8.3.1/../../../../arm-none-eabi/lib/thumb/v7-m/nofp\libc_nano.a(lib_a-printf.o) (_vfprintf_r)
d:/arm_gcc/8 2019-q3-update/bin/../lib/gcc/arm-none-eabi/8.3.1/../../../../arm-none-eabi/lib/thumb/v7-m/nofp\libc_nano.a(lib_a-nano-vfprintf_i.o)
                              d:/arm_gcc/8 2019-q3-update/bin/../lib/gcc/arm-none-eabi/8.3.1/../../../../arm-none-eabi/lib/thumb/v7-m/nofp\libc_nano.a(lib_a-nano-vfprintf.o) (_printf_i)
d:/arm_gcc/8 2019-q3-update/bin/../lib/gcc/arm-none-eabi/8.3.1/../../../../arm-none-eabi/lib/thumb/v7-m/nofp\libc_nano.a(lib_a-putc.o)
                              d:/arm_gcc/8 2019-q3-update/bin/../lib/gcc/arm-none-eabi/8.3.1/../../../../arm-none-eabi/lib/thumb/v7-m/nofp\libc_nano.a(lib_a-putchar.o) (_putc_r)
d:/arm_gcc/8 2019-q3-update/bin/../lib/gcc/arm-none-eabi/8.3.1/../../../../arm-none-eabi/lib/thumb/v7-m/nofp\libc_nano.a(lib_a-sbrkr.o)
                              d:/arm_gcc/8 2019-q3-update/bin/../lib/gcc/arm-none-eabi/8.3.1/../../../../arm-none-eabi/lib/thumb/v7-m/nofp\libc_nano.a(lib_a-nano-mallocr.o) (_sbrk_r)
d:/arm_gcc/8 2019-q3-update/bin/../lib/gcc/arm-none-eabi/8.3.1/../../../../arm-none-eabi/lib/thumb/v7-m/nofp\libc_nano.a(lib_a-stdio.o)
                              d:/arm_gcc/8 2019-q3-update/bin/../lib/gcc/arm-none-eabi/8.3.1/../../../../arm-none-eabi/lib/thumb/v7-m/nofp\libc_nano.a(lib_a-findfp.o) (__sread)
[...]
Memory Configuration

Name             Origin             Length             Attributes
RAM              0x20000000         0x00010000         xrw
FLASH            0x08000000         0x00080000         xr
*default*        0x00000000         0xffffffff

Linker script and memory map

LOAD d:/arm_gcc/8 2019-q3-update/bin/../lib/gcc/arm-none-eabi/8.3.1/thumb/v7-m/nofp/crti.o
LOAD d:/arm_gcc/8 2019-q3-update/bin/../lib/gcc/arm-none-eabi/8.3.1/thumb/v7-m/nofp/crtbegin.o
LOAD d:/arm_gcc/8 2019-q3-update/bin/../lib/gcc/arm-none-eabi/8.3.1/../../../../arm-none-eabi/lib/thumb/v7-m/nofp/crt0.o
LOAD build/main.o
LOAD build/gpio.o
LOAD build/stm32f1xx_it.o
LOAD build/stm32f1xx_hal_msp.o
LOAD build/stm32f1xx_hal_gpio_ex.o
LOAD build/stm32f1xx_hal_tim.o
LOAD build/stm32f1xx_hal_tim_ex.o
LOAD build/stm32f1xx_hal.o
LOAD build/stm32f1xx_hal_rcc.o
LOAD build/stm32f1xx_hal_rcc_ex.o
LOAD build/stm32f1xx_hal_gpio.o
LOAD build/stm32f1xx_hal_dma.o
LOAD build/stm32f1xx_hal_cortex.o
LOAD build/stm32f1xx_hal_pwr.o
LOAD build/stm32f1xx_hal_flash.o
LOAD build/stm32f1xx_hal_flash_ex.o
LOAD build/system_stm32f1xx.o
LOAD build/port_c.o
LOAD build/tos_cpu.o
LOAD build/tos_fault.o
LOAD build/tos_completion.o
LOAD build/tos_robin.o
LOAD build/tos_ring_queue.o
LOAD build/tos_tick.o
LOAD build/tos_pend.o
LOAD build/tos_barrier.o
LOAD build/tos_bitmap.o
LOAD build/tos_global.o
LOAD build/tos_char_fifo.o
LOAD build/tos_priority_message_queue.o
LOAD build/tos_sem.o
LOAD build/tos_sched.o
LOAD build/tos_message_queue.o
LOAD build/tos_task.o
LOAD build/tos_mutex.o
LOAD build/tos_sys.o
LOAD build/tos_rwlock.o
LOAD build/tos_stopwatch.o
LOAD build/tos_countdownlatch.o
LOAD build/tos_priority_mail_queue.o
LOAD build/tos_binary_heap.o
LOAD build/tos_event.o
LOAD build/tos_time.o
LOAD build/tos_mail_queue.o
LOAD build/tos_timer.o
LOAD build/tos_priority_queue.o
LOAD build/tos_mmheap.o
LOAD build/tos_mmblk.o
LOAD build/cmsis_os.o
LOAD build/startup_stm32f103xe.o
LOAD build/port_s.o
LOAD d:/arm_gcc/8 2019-q3-update/bin/../lib/gcc/arm-none-eabi/8.3.1/../../../../arm-none-eabi/lib/thumb/v7-m/nofp\libc_nano.a
LOAD d:/arm_gcc/8 2019-q3-update/bin/../lib/gcc/arm-none-eabi/8.3.1/../../../../arm-none-eabi/lib/thumb/v7-m/nofp\libm.a
LOAD d:/arm_gcc/8 2019-q3-update/bin/../lib/gcc/arm-none-eabi/8.3.1/../../../../arm-none-eabi/lib/thumb/v7-m/nofp\libnosys.a
START GROUP
LOAD d:/arm_gcc/8 2019-q3-update/bin/../lib/gcc/arm-none-eabi/8.3.1/thumb/v7-m/nofp\libgcc.a
LOAD d:/arm_gcc/8 2019-q3-update/bin/../lib/gcc/arm-none-eabi/8.3.1/../../../../arm-none-eabi/lib/thumb/v7-m/nofp\libc_nano.a
END GROUP
START GROUP
LOAD d:/arm_gcc/8 2019-q3-update/bin/../lib/gcc/arm-none-eabi/8.3.1/thumb/v7-m/nofp\libgcc.a
LOAD d:/arm_gcc/8 2019-q3-update/bin/../lib/gcc/arm-none-eabi/8.3.1/../../../../arm-none-eabi/lib/thumb/v7-m/nofp\libc_nano.a
END GROUP
LOAD d:/arm_gcc/8 2019-q3-update/bin/../lib/gcc/arm-none-eabi/8.3.1/thumb/v7-m/nofp/crtend.o
LOAD d:/arm_gcc/8 2019-q3-update/bin/../lib/gcc/arm-none-eabi/8.3.1/thumb/v7-m/nofp/crtn.o
                0x20010000                _estack = 0x20010000
                0x00000200                _Min_Heap_Size = 0x200
                0x00000400                _Min_Stack_Size = 0x400

.isr_vector     0x08000000      0x1e4
                0x08000000                . = ALIGN (0x4)
 *(.isr_vector)
 .isr_vector    0x08000000      0x1e4 build/startup_stm32f103xe.o
                0x08000000                g_pfnVectors
                0x080001e4                . = ALIGN (0x4)

.text           0x080001e4     0x33b4
                0x080001e4                . = ALIGN (0x4)
 *(.text)
 .text          0x080001e4       0x40 d:/arm_gcc/8 2019-q3-update/bin/../lib/gcc/arm-none-eabi/8.3.1/thumb/v7-m/nofp/crtbegin.o
 .text          0x08000224       0x8c build/port_s.o
                0x08000224                port_int_disable
                0x08000228                port_int_enable
                0x0800022c                port_cpsr_save
                0x08000234                port_cpsr_restore
                0x0800023a                port_clz
                0x08000240                port_sched_start
                0x0800025a                port_context_switch
                0x08000264                port_irq_context_switch
                0x0800026e                PendSV_Handler
 .text          0x080002b0       0x30 d:/arm_gcc/8 2019-q3-update/bin/../lib/gcc/arm-none-eabi/8.3.1/thumb/v7-m/nofp\libgcc.a(_aeabi_uldivmod.o)
                0x080002b0                __aeabi_uldivmod
 .text          0x080002e0      0x2d0 d:/arm_gcc/8 2019-q3-update/bin/../lib/gcc/arm-none-eabi/8.3.1/thumb/v7-m/nofp\libgcc.a(_udivmoddi4.o)
                0x080002e0                __udivmoddi4
 .text          0x080005b0        0x4 d:/arm_gcc/8 2019-q3-update/bin/../lib/gcc/arm-none-eabi/8.3.1/thumb/v7-m/nofp\libgcc.a(_dvmd_tls.o)
                0x080005b0                __aeabi_idiv0
                0x080005b0                __aeabi_ldiv0
 *(.text*)
 .text.task1    0x080005b4       0x28 build/main.o
                0x080005b4                task1
 .text.SystemClock_Config
                0x080005dc       0x52 build/main.o
                0x080005dc                SystemClock_Config
 *fill*         0x0800062e        0x2 
 .text.main     0x08000630       0x24 build/main.o
                0x08000630                main
 .text.MX_GPIO_Init
                0x08000654       0x74 build/gpio.o
                0x08000654                MX_GPIO_Init
 .text.NMI_Handler
                0x080006c8        0x2 build/stm32f1xx_it.o
                0x080006c8                NMI_Handler
 .text.HardFault_Handler
                0x080006ca        0x2 build/stm32f1xx_it.o
                0x080006ca                HardFault_Handler
 .text.MemManage_Handler
                0x080006cc        0x2 build/stm32f1xx_it.o
                0x080006cc                MemManage_Handler
 .text.BusFault_Handler
                0x080006ce        0x2 build/stm32f1xx_it.o
                0x080006ce                BusFault_Handler
 .text.UsageFault_Handler
                0x080006d0        0x2 build/stm32f1xx_it.o
                0x080006d0                UsageFault_Handler
 .text.SVC_Handler
                0x080006d2        0x2 build/stm32f1xx_it.o
                0x080006d2                SVC_Handler
 .text.DebugMon_Handler
                0x080006d4        0x2 build/stm32f1xx_it.o
                0x080006d4                DebugMon_Handler
 .text.SysTick_Handler
                0x080006d6       0x1c build/stm32f1xx_it.o
                0x080006d6                SysTick_Handler
 *fill*         0x080006f2        0x2 
 .text.HAL_MspInit
                0x080006f4       0x44 build/stm32f1xx_hal_msp.o
                0x080006f4                HAL_MspInit
 .text.HAL_InitTick
                0x08000738       0x4c build/stm32f1xx_hal.o
                0x08000738                HAL_InitTick
 .text.HAL_Init
                0x08000784       0x24 build/stm32f1xx_hal.o
                0x08000784                HAL_Init
 .text.HAL_IncTick
                0x080007a8       0x18 build/stm32f1xx_hal.o
                0x080007a8                HAL_IncTick
 .text.HAL_GetTick
                0x080007c0        0xc build/stm32f1xx_hal.o
                0x080007c0                HAL_GetTick
 .text.RCC_Delay
                0x080007cc       0x2c build/stm32f1xx_hal_rcc.o
 .text.HAL_RCC_OscConfig
                0x080007f8      0x3e0 build/stm32f1xx_hal_rcc.o
                0x080007f8                HAL_RCC_OscConfig
 .text.HAL_RCC_GetSysClockFreq
                0x08000bd8       0x70 build/stm32f1xx_hal_rcc.o
                0x08000bd8                HAL_RCC_GetSysClockFreq
 .text.HAL_RCC_ClockConfig
                0x08000c48      0x19c build/stm32f1xx_hal_rcc.o
                0x08000c48                HAL_RCC_ClockConfig
 .text.HAL_GPIO_Init
                0x08000de4      0x1e8 build/stm32f1xx_hal_gpio.o
                0x08000de4                HAL_GPIO_Init
 .text.HAL_GPIO_WritePin
                0x08000fcc        0xc build/stm32f1xx_hal_gpio.o
                0x08000fcc                HAL_GPIO_WritePin
 .text.HAL_GPIO_TogglePin
                0x08000fd8        0x8 build/stm32f1xx_hal_gpio.o
                0x08000fd8                HAL_GPIO_TogglePin
 .text.HAL_NVIC_SetPriorityGrouping
                0x08000fe0       0x24 build/stm32f1xx_hal_cortex.o
                0x08000fe0                HAL_NVIC_SetPriorityGrouping
 .text.HAL_NVIC_SetPriority
                0x08001004       0x68 build/stm32f1xx_hal_cortex.o
                0x08001004                HAL_NVIC_SetPriority
 .text.HAL_SYSTICK_Config
                0x0800106c       0x2c build/stm32f1xx_hal_cortex.o
                0x0800106c                HAL_SYSTICK_Config
 .text.SystemInit
                0x08001098       0x4c build/system_stm32f1xx.o
                0x08001098                SystemInit
 .text.port_systick_config
                0x080010e4       0x28 build/port_c.o
                0x080010e4                port_systick_config
 .text.port_systick_priority_set
                0x0800110c       0x10 build/port_c.o
                0x0800110c                port_systick_priority_set
 .text.tos_cpu_clz
                0x0800111c        0x8 build/tos_cpu.o
                0x0800111c                tos_cpu_clz
 .text.tos_cpu_cpsr_save
                0x08001124        0x8 build/tos_cpu.o
                0x08001124                tos_cpu_cpsr_save
 .text.tos_cpu_cpsr_restore
                0x0800112c        0x8 build/tos_cpu.o
                0x0800112c                tos_cpu_cpsr_restore
 .text.cpu_sched_start
                0x08001134        0x6 build/tos_cpu.o
                0x08001134                cpu_sched_start
 .text.cpu_context_switch
                0x0800113a        0x8 build/tos_cpu.o
                0x0800113a                cpu_context_switch
 .text.cpu_irq_context_switch
                0x08001142        0x8 build/tos_cpu.o
                0x08001142                cpu_irq_context_switch
 .text.cpu_systick_init
                0x0800114a       0x12 build/tos_cpu.o
                0x0800114a                cpu_systick_init
 .text.cpu_init
                0x0800115c       0x28 build/tos_cpu.o
                0x0800115c                cpu_init
 .text.cpu_task_stk_init
                0x08001184       0x92 build/tos_cpu.o
                0x08001184                cpu_task_stk_init
 *fill*         0x08001216        0x2 
 .text.tick_task_place
                0x08001218       0x90 build/tos_tick.o
 .text.tick_task_takeoff
                0x080012a8       0x6c build/tos_tick.o
 .text.tick_list_add
                0x08001314       0x16 build/tos_tick.o
                0x08001314                tick_list_add
 .text.tick_list_remove
                0x0800132a       0x16 build/tos_tick.o
                0x0800132a                tick_list_remove
 .text.tick_update
                0x08001340       0x90 build/tos_tick.o
                0x08001340                tick_update
 .text.tos_tick_handler
                0x080013d0       0x16 build/tos_tick.o
                0x080013d0                tos_tick_handler
 .text.pend_list_add
                0x080013e6       0x40 build/tos_pend.o
 .text.pend_highest_pending_prio_get
                0x08001426       0x18 build/tos_pend.o
                0x08001426                pend_highest_pending_prio_get
 .text.pend_list_remove
                0x0800143e       0x1a build/tos_pend.o
                0x0800143e                pend_list_remove
 .text.pend_list_adjust
                0x08001458       0x12 build/tos_pend.o
                0x08001458                pend_list_adjust
 .text.pend_task_wakeup
                0x0800146a       0x3e build/tos_pend.o
                0x0800146a                pend_task_wakeup
 .text.pend_wakeup_all
                0x080014a8       0x28 build/tos_pend.o
                0x080014a8                pend_wakeup_all
 .text.readyqueue_prio_highest_get
                0x080014d0       0x20 build/tos_sched.o
 .text.readyqueue_highest_ready_task_get
                0x080014f0       0x14 build/tos_sched.o
                0x080014f0                readyqueue_highest_ready_task_get
 .text.readyqueue_init
                0x08001504       0x40 build/tos_sched.o
                0x08001504                readyqueue_init
 .text.readyqueue_add_head
                0x08001544       0x58 build/tos_sched.o
                0x08001544                readyqueue_add_head
 .text.readyqueue_add_tail
                0x0800159c       0x5c build/tos_sched.o
                0x0800159c                readyqueue_add_tail
 .text.readyqueue_add
                0x080015f8       0x24 build/tos_sched.o
                0x080015f8                readyqueue_add
 .text.readyqueue_remove
                0x0800161c       0x58 build/tos_sched.o
                0x0800161c                readyqueue_remove
 .text.task_free
                0x08001674       0x12 build/tos_task.o
 .text.task_mutex_release
                0x08001686       0x28 build/tos_task.o
 .text.task_do_destroy
                0x080016ae       0xb4 build/tos_task.o
 *fill*         0x08001762        0x2 
 .text.task_destroy_dyn
                0x08001764       0x44 build/tos_task.o
 .text.task_destroy_static
                0x080017a8       0x14 build/tos_task.o
 .text.task_highest_pending_prio_get
                0x080017bc       0x2e build/tos_task.o
 *fill*         0x080017ea        0x2 
 .text.tos_task_create
                0x080017ec      0x12c build/tos_task.o
                0x080017ec                tos_task_create
 .text.task_free_all
                0x08001918       0x40 build/tos_task.o
                0x08001918                task_free_all
 .text.tos_task_create_dyn
                0x08001958       0xaa build/tos_task.o
                0x08001958                tos_task_create_dyn
 *fill*         0x08001a02        0x2 
 .text.tos_task_destroy
                0x08001a04       0x58 build/tos_task.o
                0x08001a04                tos_task_destroy
 .text.task_exit
                0x08001a5c        0xa build/tos_task.o
 *fill*         0x08001a66        0x2 
 .text.tos_task_yield
                0x08001a68       0x30 build/tos_task.o
                0x08001a68                tos_task_yield
 .text.tos_task_prio_change
                0x08001a98       0xc0 build/tos_task.o
                0x08001a98                tos_task_prio_change
 .text.tos_task_delay
                0x08001b58       0x64 build/tos_task.o
                0x08001b58                tos_task_delay
 .text.mutex_release
                0x08001bbc       0x48 build/tos_mutex.o
                0x08001bbc                mutex_release
 .text.knl_idle_entry
                0x08001c04        0x8 build/tos_sys.o
 .text.tos_knl_is_running
                0x08001c0c       0x14 build/tos_sys.o
                0x08001c0c                tos_knl_is_running
 .text.tos_knl_irq_enter
                0x08001c20       0x1c build/tos_sys.o
                0x08001c20                tos_knl_irq_enter
 .text.tos_knl_start
                0x08001c3c       0x34 build/tos_sys.o
                0x08001c3c                tos_knl_start
 .text.knl_is_sched_locked
                0x08001c70       0x10 build/tos_sys.o
                0x08001c70                knl_is_sched_locked
 .text.knl_is_inirq
                0x08001c80       0x10 build/tos_sys.o
                0x08001c80                knl_is_inirq
 .text.tos_knl_sched_lock
                0x08001c90       0x40 build/tos_sys.o
                0x08001c90                tos_knl_sched_lock
 .text.knl_is_idle
                0x08001cd0       0x10 build/tos_sys.o
                0x08001cd0                knl_is_idle
 .text.knl_is_self
                0x08001ce0       0x14 build/tos_sys.o
                0x08001ce0                knl_is_self
 .text.tos_knl_irq_leave
                0x08001cf4       0x6c build/tos_sys.o
                0x08001cf4                tos_knl_irq_leave
 .text.knl_sched
                0x08001d60       0x44 build/tos_sys.o
                0x08001d60                knl_sched
 .text.tos_knl_sched_unlock
                0x08001da4       0x44 build/tos_sys.o
                0x08001da4                tos_knl_sched_unlock
 .text.knl_idle_init
                0x08001de8       0x3c build/tos_sys.o
                0x08001de8                knl_idle_init
 .text.tos_knl_init
                0x08001e24       0x34 build/tos_sys.o
                0x08001e24                tos_knl_init
 .text.tos_millisec2tick
                0x08001e58       0x38 build/tos_time.o
                0x08001e58                tos_millisec2tick
 .text.timer_takeoff
                0x08001e90       0x50 build/tos_timer.o
 .text.timer_place
                0x08001ee0       0x80 build/tos_timer.o
 .text.timer_update
                0x08001f60       0x88 build/tos_timer.o
                0x08001f60                timer_update
 .text.timer_init
                0x08001fe8        0x4 build/tos_timer.o
                0x08001fe8                timer_init
 .text.blk_set_prev_used
                0x08001fec        0xa build/tos_mmheap.o
 .text.blk_next
                0x08001ff6       0x10 build/tos_mmheap.o
 .text.blk_link_next
                0x08002006        0xc build/tos_mmheap.o
 .text.blk_mark_as_free
                0x08002012       0x1a build/tos_mmheap.o
 .text.blk_mark_as_used
                0x0800202c       0x16 build/tos_mmheap.o
 *fill*         0x08002042        0x2 
 .text.insert_free_block
                0x08002044       0x40 build/tos_mmheap.o
 .text.remove_free_block
                0x08002084       0x60 build/tos_mmheap.o
 .text.blk_can_split
                0x080020e4       0x12 build/tos_mmheap.o
 .text.blk_split
                0x080020f6       0x32 build/tos_mmheap.o
 .text.blk_absorb
                0x08002128       0x1a build/tos_mmheap.o
 .text.adjust_request_size
                0x08002142       0x22 build/tos_mmheap.o
 .text.mmheap_pool_is_exist
                0x08002164       0x28 build/tos_mmheap.o
 .text.mmheap_ctl_init
                0x0800218c       0x5c build/tos_mmheap.o
 .text.generic_fls
                0x080021e8        0xc build/tos_mmheap.o
 .text.__fls    0x080021f4        0xa build/tos_mmheap.o
 .text.mapping_insert
                0x080021fe       0x30 build/tos_mmheap.o
 .text.blk_insert
                0x0800222e       0x22 build/tos_mmheap.o
 .text.blk_trim_free
                0x08002250       0x2e build/tos_mmheap.o
 .text.blk_prepare_used
                0x0800227e       0x16 build/tos_mmheap.o
 .text.blk_remove
                0x08002294       0x22 build/tos_mmheap.o
 .text.blk_merge_prev
                0x080022b6       0x24 build/tos_mmheap.o
 .text.blk_merge_next
                0x080022da       0x26 build/tos_mmheap.o
 .text.mapping_search
                0x08002300       0x28 build/tos_mmheap.o
 .text.__ffs    0x08002328        0xe build/tos_mmheap.o
 *fill*         0x08002336        0x2 
 .text.blk_search_suitable
                0x08002338       0x64 build/tos_mmheap.o
 .text.blk_locate_free
                0x0800239c       0x3c build/tos_mmheap.o
 .text.tos_mmheap_alloc
                0x080023d8       0x1e build/tos_mmheap.o
                0x080023d8                tos_mmheap_alloc
 .text.tos_mmheap_calloc
                0x080023f6       0x1c build/tos_mmheap.o
                0x080023f6                tos_mmheap_calloc
 .text.tos_mmheap_free
                0x08002412       0x20 build/tos_mmheap.o
                0x08002412                tos_mmheap_free
 *fill*         0x08002432        0x2 
 .text.tos_mmheap_pool_add
                0x08002434       0x88 build/tos_mmheap.o
                0x08002434                tos_mmheap_pool_add
 .text.mmheap_init_with_pool
                0x080024bc       0x14 build/tos_mmheap.o
                0x080024bc                mmheap_init_with_pool
 .text.priority_cmsis2knl
                0x080024d0       0x10 build/cmsis_os.o
 .text.errno_knl2cmsis
                0x080024e0        0x8 build/cmsis_os.o
 .text.osKernelStart
                0x080024e8        0xc build/cmsis_os.o
                0x080024e8                osKernelStart
 .text.osKernelInitialize
                0x080024f4        0xc build/cmsis_os.o
                0x080024f4                osKernelInitialize
 .text.osThreadCreate
                0x08002500       0x7a build/cmsis_os.o
                0x08002500                osThreadCreate
 .text.osDelay  0x0800257a       0x20 build/cmsis_os.o
                0x0800257a                osDelay
 *fill*         0x0800259a        0x2 
 .text.Reset_Handler
                0x0800259c       0x48 build/startup_stm32f103xe.o
                0x0800259c                Reset_Handler
 .text.Default_Handler
                0x080025e4        0x2 build/startup_stm32f103xe.o
                0x080025e4                RTC_Alarm_IRQHandler
                0x080025e4                EXTI2_IRQHandler
                0x080025e4                TIM8_TRG_COM_IRQHandler
                0x080025e4                TIM8_CC_IRQHandler
                0x080025e4                TIM1_CC_IRQHandler
                0x080025e4                TIM6_IRQHandler
                0x080025e4                PVD_IRQHandler
                0x080025e4                SDIO_IRQHandler
                0x080025e4                EXTI3_IRQHandler
                0x080025e4                EXTI0_IRQHandler
                0x080025e4                I2C2_EV_IRQHandler
                0x080025e4                ADC1_2_IRQHandler
                0x080025e4                SPI1_IRQHandler
                0x080025e4                TAMPER_IRQHandler
                0x080025e4                TIM8_UP_IRQHandler
                0x080025e4                DMA2_Channel2_IRQHandler
                0x080025e4                DMA1_Channel4_IRQHandler
                0x080025e4                USART3_IRQHandler
                0x080025e4                RTC_IRQHandler
                0x080025e4                DMA1_Channel7_IRQHandler
                0x080025e4                CAN1_RX1_IRQHandler
                0x080025e4                UART5_IRQHandler
                0x080025e4                ADC3_IRQHandler
                0x080025e4                TIM4_IRQHandler
                0x080025e4                DMA2_Channel1_IRQHandler
                0x080025e4                I2C1_EV_IRQHandler
                0x080025e4                DMA1_Channel6_IRQHandler
                0x080025e4                UART4_IRQHandler
                0x080025e4                TIM3_IRQHandler
                0x080025e4                RCC_IRQHandler
                0x080025e4                TIM1_TRG_COM_IRQHandler
                0x080025e4                DMA1_Channel1_IRQHandler
                0x080025e4                Default_Handler
                0x080025e4                EXTI15_10_IRQHandler
                0x080025e4                TIM7_IRQHandler
                0x080025e4                TIM5_IRQHandler
                0x080025e4                EXTI9_5_IRQHandler
                0x080025e4                SPI2_IRQHandler
                0x080025e4                DMA1_Channel5_IRQHandler
                0x080025e4                EXTI4_IRQHandler
                0x080025e4                USB_LP_CAN1_RX0_IRQHandler
                0x080025e4                USB_HP_CAN1_TX_IRQHandler
                0x080025e4                DMA1_Channel3_IRQHandler
                0x080025e4                FSMC_IRQHandler
                0x080025e4                TIM1_UP_IRQHandler
                0x080025e4                WWDG_IRQHandler
                0x080025e4                TIM2_IRQHandler
                0x080025e4                TIM1_BRK_IRQHandler
                0x080025e4                EXTI1_IRQHandler
                0x080025e4                DMA2_Channel4_5_IRQHandler
                0x080025e4                USART2_IRQHandler
                0x080025e4                I2C2_ER_IRQHandler
                0x080025e4                DMA1_Channel2_IRQHandler
                0x080025e4                TIM8_BRK_IRQHandler
                0x080025e4                CAN1_SCE_IRQHandler
                0x080025e4                FLASH_IRQHandler
                0x080025e4                USART1_IRQHandler
                0x080025e4                SPI3_IRQHandler
                0x080025e4                I2C1_ER_IRQHandler
                0x080025e4                USBWakeUp_IRQHandler
                0x080025e4                DMA2_Channel3_IRQHandler
 *fill*         0x080025e6        0x2 
 .text.__libc_init_array
                0x080025e8       0x48 d:/arm_gcc/8 2019-q3-update/bin/../lib/gcc/arm-none-eabi/8.3.1/../../../../arm-none-eabi/lib/thumb/v7-m/nofp\libc_nano.a(lib_a-init.o)
                0x080025e8                __libc_init_array
 .text.memset   0x08002630       0x10 d:/arm_gcc/8 2019-q3-update/bin/../lib/gcc/arm-none-eabi/8.3.1/../../../../arm-none-eabi/lib/thumb/v7-m/nofp\libc_nano.a(lib_a-memset.o)
                0x08002630                memset
 .text.printf   0x08002640       0x30 d:/arm_gcc/8 2019-q3-update/bin/../lib/gcc/arm-none-eabi/8.3.1/../../../../arm-none-eabi/lib/thumb/v7-m/nofp\libc_nano.a(lib_a-printf.o)
                0x08002640                iprintf
                0x08002640                printf
 .text.strncpy  0x08002670       0x26 d:/arm_gcc/8 2019-q3-update/bin/../lib/gcc/arm-none-eabi/8.3.1/../../../../arm-none-eabi/lib/thumb/v7-m/nofp\libc_nano.a(lib_a-strncpy.o)
                0x08002670                strncpy
 *fill*         0x08002696        0x2 
 .text.std      0x08002698       0x48 d:/arm_gcc/8 2019-q3-update/bin/../lib/gcc/arm-none-eabi/8.3.1/../../../../arm-none-eabi/lib/thumb/v7-m/nofp\libc_nano.a(lib_a-findfp.o)
 .text._cleanup_r
                0x080026e0        0xc d:/arm_gcc/8 2019-q3-update/bin/../lib/gcc/arm-none-eabi/8.3.1/../../../../arm-none-eabi/lib/thumb/v7-m/nofp\libc_nano.a(lib_a-findfp.o)
                0x080026e0                _cleanup_r
 .text.__sfmoreglue
                0x080026ec       0x2c d:/arm_gcc/8 2019-q3-update/bin/../lib/gcc/arm-none-eabi/8.3.1/../../../../arm-none-eabi/lib/thumb/v7-m/nofp\libc_nano.a(lib_a-findfp.o)
                0x080026ec                __sfmoreglue
 .text.__sfp_lock_acquire
                0x08002718        0xc d:/arm_gcc/8 2019-q3-update/bin/../lib/gcc/arm-none-eabi/8.3.1/../../../../arm-none-eabi/lib/thumb/v7-m/nofp\libc_nano.a(lib_a-findfp.o)
                0x08002718                __sfp_lock_acquire
 .text.__sfp_lock_release
                0x08002724        0xc d:/arm_gcc/8 2019-q3-update/bin/../lib/gcc/arm-none-eabi/8.3.1/../../../../arm-none-eabi/lib/thumb/v7-m/nofp\libc_nano.a(lib_a-findfp.o)
                0x08002724                __sfp_lock_release
 .text.__sinit_lock_acquire
                0x08002730        0xc d:/arm_gcc/8 2019-q3-update/bin/../lib/gcc/arm-none-eabi/8.3.1/../../../../arm-none-eabi/lib/thumb/v7-m/nofp\libc_nano.a(lib_a-findfp.o)
                0x08002730                __sinit_lock_acquire
 .text.__sinit_lock_release
                0x0800273c        0xc d:/arm_gcc/8 2019-q3-update/bin/../lib/gcc/arm-none-eabi/8.3.1/../../../../arm-none-eabi/lib/thumb/v7-m/nofp\libc_nano.a(lib_a-findfp.o)
                0x0800273c                __sinit_lock_release
 .text.__sinit  0x08002748       0x70 d:/arm_gcc/8 2019-q3-update/bin/../lib/gcc/arm-none-eabi/8.3.1/../../../../arm-none-eabi/lib/thumb/v7-m/nofp\libc_nano.a(lib_a-findfp.o)
                0x08002748                __sinit
 .text.__sfp    0x080027b8       0x8c d:/arm_gcc/8 2019-q3-update/bin/../lib/gcc/arm-none-eabi/8.3.1/../../../../arm-none-eabi/lib/thumb/v7-m/nofp\libc_nano.a(lib_a-findfp.o)
                0x080027b8                __sfp
 .text._fwalk_reent
                0x08002844       0x3c d:/arm_gcc/8 2019-q3-update/bin/../lib/gcc/arm-none-eabi/8.3.1/../../../../arm-none-eabi/lib/thumb/v7-m/nofp\libc_nano.a(lib_a-fwalk.o)
                0x08002844                _fwalk_reent
 .text.__retarget_lock_init_recursive
                0x08002880        0x2 d:/arm_gcc/8 2019-q3-update/bin/../lib/gcc/arm-none-eabi/8.3.1/../../../../arm-none-eabi/lib/thumb/v7-m/nofp\libc_nano.a(lib_a-lock.o)
                0x08002880                __retarget_lock_init_recursive
 .text.__retarget_lock_acquire_recursive
                0x08002882        0x2 d:/arm_gcc/8 2019-q3-update/bin/../lib/gcc/arm-none-eabi/8.3.1/../../../../arm-none-eabi/lib/thumb/v7-m/nofp\libc_nano.a(lib_a-lock.o)
                0x08002882                __retarget_lock_acquire_recursive
 .text.__retarget_lock_release_recursive
                0x08002884        0x2 d:/arm_gcc/8 2019-q3-update/bin/../lib/gcc/arm-none-eabi/8.3.1/../../../../arm-none-eabi/lib/thumb/v7-m/nofp\libc_nano.a(lib_a-lock.o)
                0x08002884                __retarget_lock_release_recursive
 *fill*         0x08002886        0x2 
 .text._malloc_r
                0x08002888       0xb4 d:/arm_gcc/8 2019-q3-update/bin/../lib/gcc/arm-none-eabi/8.3.1/../../../../arm-none-eabi/lib/thumb/v7-m/nofp\libc_nano.a(lib_a-nano-mallocr.o)
                0x08002888                _malloc_r
 .text.__sfputc_r
                0x0800293c       0x2a d:/arm_gcc/8 2019-q3-update/bin/../lib/gcc/arm-none-eabi/8.3.1/../../../../arm-none-eabi/lib/thumb/v7-m/nofp\libc_nano.a(lib_a-nano-vfprintf.o)
 .text.__sfputs_r
                0x08002966       0x24 d:/arm_gcc/8 2019-q3-update/bin/../lib/gcc/arm-none-eabi/8.3.1/../../../../arm-none-eabi/lib/thumb/v7-m/nofp\libc_nano.a(lib_a-nano-vfprintf.o)
                0x08002966                __sfputs_r
 *fill*         0x0800298a        0x2 
 .text._vfprintf_r
                0x0800298c      0x250 d:/arm_gcc/8 2019-q3-update/bin/../lib/gcc/arm-none-eabi/8.3.1/../../../../arm-none-eabi/lib/thumb/v7-m/nofp\libc_nano.a(lib_a-nano-vfprintf.o)
                0x0800298c                _vfprintf_r
                0x0800298c                _vfiprintf_r
 .text._printf_common
                0x08002bdc       0xec d:/arm_gcc/8 2019-q3-update/bin/../lib/gcc/arm-none-eabi/8.3.1/../../../../arm-none-eabi/lib/thumb/v7-m/nofp\libc_nano.a(lib_a-nano-vfprintf_i.o)
                0x08002bdc                _printf_common
 .text._printf_i
                0x08002cc8      0x22c d:/arm_gcc/8 2019-q3-update/bin/../lib/gcc/arm-none-eabi/8.3.1/../../../../arm-none-eabi/lib/thumb/v7-m/nofp\libc_nano.a(lib_a-nano-vfprintf_i.o)
                0x08002cc8                _printf_i
 .text._sbrk_r  0x08002ef4       0x20 d:/arm_gcc/8 2019-q3-update/bin/../lib/gcc/arm-none-eabi/8.3.1/../../../../arm-none-eabi/lib/thumb/v7-m/nofp\libc_nano.a(lib_a-sbrkr.o)
                0x08002ef4                _sbrk_r
 .text.__sread  0x08002f14       0x22 d:/arm_gcc/8 2019-q3-update/bin/../lib/gcc/arm-none-eabi/8.3.1/../../../../arm-none-eabi/lib/thumb/v7-m/nofp\libc_nano.a(lib_a-stdio.o)
                0x08002f14                __sread
 .text.__swrite
                0x08002f36       0x38 d:/arm_gcc/8 2019-q3-update/bin/../lib/gcc/arm-none-eabi/8.3.1/../../../../arm-none-eabi/lib/thumb/v7-m/nofp\libc_nano.a(lib_a-stdio.o)
                0x08002f36                __swrite
 .text.__sseek  0x08002f6e       0x24 d:/arm_gcc/8 2019-q3-update/bin/../lib/gcc/arm-none-eabi/8.3.1/../../../../arm-none-eabi/lib/thumb/v7-m/nofp\libc_nano.a(lib_a-stdio.o)
                0x08002f6e                __sseek
 .text.__sclose
                0x08002f92        0x8 d:/arm_gcc/8 2019-q3-update/bin/../lib/gcc/arm-none-eabi/8.3.1/../../../../arm-none-eabi/lib/thumb/v7-m/nofp\libc_nano.a(lib_a-stdio.o)
                0x08002f92                __sclose
 *fill*         0x08002f9a        0x2 
 .text.__swbuf_r
                0x08002f9c       0xa4 d:/arm_gcc/8 2019-q3-update/bin/../lib/gcc/arm-none-eabi/8.3.1/../../../../arm-none-eabi/lib/thumb/v7-m/nofp\libc_nano.a(lib_a-wbuf.o)
                0x08002f9c                __swbuf_r
 .text._write_r
                0x08003040       0x24 d:/arm_gcc/8 2019-q3-update/bin/../lib/gcc/arm-none-eabi/8.3.1/../../../../arm-none-eabi/lib/thumb/v7-m/nofp\libc_nano.a(lib_a-writer.o)
                0x08003040                _write_r
 .text.__swsetup_r
                0x08003064       0xdc d:/arm_gcc/8 2019-q3-update/bin/../lib/gcc/arm-none-eabi/8.3.1/../../../../arm-none-eabi/lib/thumb/v7-m/nofp\libc_nano.a(lib_a-wsetup.o)
                0x08003064                __swsetup_r
 .text._close_r
                0x08003140       0x20 d:/arm_gcc/8 2019-q3-update/bin/../lib/gcc/arm-none-eabi/8.3.1/../../../../arm-none-eabi/lib/thumb/v7-m/nofp\libc_nano.a(lib_a-closer.o)
                0x08003140                _close_r
 .text.__sflush_r
                0x08003160      0x10c d:/arm_gcc/8 2019-q3-update/bin/../lib/gcc/arm-none-eabi/8.3.1/../../../../arm-none-eabi/lib/thumb/v7-m/nofp\libc_nano.a(lib_a-fflush.o)
                0x08003160                __sflush_r
 .text._fflush_r
                0x0800326c       0x78 d:/arm_gcc/8 2019-q3-update/bin/../lib/gcc/arm-none-eabi/8.3.1/../../../../arm-none-eabi/lib/thumb/v7-m/nofp\libc_nano.a(lib_a-fflush.o)
                0x0800326c                _fflush_r
 .text._lseek_r
                0x080032e4       0x24 d:/arm_gcc/8 2019-q3-update/bin/../lib/gcc/arm-none-eabi/8.3.1/../../../../arm-none-eabi/lib/thumb/v7-m/nofp\libc_nano.a(lib_a-lseekr.o)
                0x080032e4                _lseek_r
 .text.__swhatbuf_r
                0x08003308       0x48 d:/arm_gcc/8 2019-q3-update/bin/../lib/gcc/arm-none-eabi/8.3.1/../../../../arm-none-eabi/lib/thumb/v7-m/nofp\libc_nano.a(lib_a-makebuf.o)
                0x08003308                __swhatbuf_r
 .text.__smakebuf_r
                0x08003350       0x80 d:/arm_gcc/8 2019-q3-update/bin/../lib/gcc/arm-none-eabi/8.3.1/../../../../arm-none-eabi/lib/thumb/v7-m/nofp\libc_nano.a(lib_a-makebuf.o)
                0x08003350                __smakebuf_r
 .text.memchr   0x080033d0       0x1c d:/arm_gcc/8 2019-q3-update/bin/../lib/gcc/arm-none-eabi/8.3.1/../../../../arm-none-eabi/lib/thumb/v7-m/nofp\libc_nano.a(lib_a-memchr-stub.o)
                0x080033d0                memchr
 .text.__malloc_lock
                0x080033ec        0xc d:/arm_gcc/8 2019-q3-update/bin/../lib/gcc/arm-none-eabi/8.3.1/../../../../arm-none-eabi/lib/thumb/v7-m/nofp\libc_nano.a(lib_a-mlock.o)
                0x080033ec                __malloc_lock
 .text.__malloc_unlock
                0x080033f8        0xc d:/arm_gcc/8 2019-q3-update/bin/../lib/gcc/arm-none-eabi/8.3.1/../../../../arm-none-eabi/lib/thumb/v7-m/nofp\libc_nano.a(lib_a-mlock.o)
                0x080033f8                __malloc_unlock
 .text._free_r  0x08003404       0x98 d:/arm_gcc/8 2019-q3-update/bin/../lib/gcc/arm-none-eabi/8.3.1/../../../../arm-none-eabi/lib/thumb/v7-m/nofp\libc_nano.a(lib_a-nano-freer.o)
                0x08003404                _free_r
 .text._read_r  0x0800349c       0x24 d:/arm_gcc/8 2019-q3-update/bin/../lib/gcc/arm-none-eabi/8.3.1/../../../../arm-none-eabi/lib/thumb/v7-m/nofp\libc_nano.a(lib_a-readr.o)
                0x0800349c                _read_r
 .text._fstat_r
                0x080034c0       0x24 d:/arm_gcc/8 2019-q3-update/bin/../lib/gcc/arm-none-eabi/8.3.1/../../../../arm-none-eabi/lib/thumb/v7-m/nofp\libc_nano.a(lib_a-fstatr.o)
                0x080034c0                _fstat_r
 .text._isatty_r
                0x080034e4       0x20 d:/arm_gcc/8 2019-q3-update/bin/../lib/gcc/arm-none-eabi/8.3.1/../../../../arm-none-eabi/lib/thumb/v7-m/nofp\libc_nano.a(lib_a-isattyr.o)
                0x080034e4                _isatty_r
 .text._close   0x08003504       0x10 d:/arm_gcc/8 2019-q3-update/bin/../lib/gcc/arm-none-eabi/8.3.1/../../../../arm-none-eabi/lib/thumb/v7-m/nofp\libnosys.a(close.o)
                0x08003504                _close
 .text._fstat   0x08003514       0x10 d:/arm_gcc/8 2019-q3-update/bin/../lib/gcc/arm-none-eabi/8.3.1/../../../../arm-none-eabi/lib/thumb/v7-m/nofp\libnosys.a(fstat.o)
                0x08003514                _fstat
 .text._isatty  0x08003524       0x10 d:/arm_gcc/8 2019-q3-update/bin/../lib/gcc/arm-none-eabi/8.3.1/../../../../arm-none-eabi/lib/thumb/v7-m/nofp\libnosys.a(isatty.o)
                0x08003524                _isatty
 .text._lseek   0x08003534       0x10 d:/arm_gcc/8 2019-q3-update/bin/../lib/gcc/arm-none-eabi/8.3.1/../../../../arm-none-eabi/lib/thumb/v7-m/nofp\libnosys.a(lseek.o)
                0x08003534                _lseek
 .text._read    0x08003544       0x10 d:/arm_gcc/8 2019-q3-update/bin/../lib/gcc/arm-none-eabi/8.3.1/../../../../arm-none-eabi/lib/thumb/v7-m/nofp\libnosys.a(read.o)
                0x08003544                _read
 .text._sbrk    0x08003554       0x1c d:/arm_gcc/8 2019-q3-update/bin/../lib/gcc/arm-none-eabi/8.3.1/../../../../arm-none-eabi/lib/thumb/v7-m/nofp\libnosys.a(sbrk.o)
                0x08003554                _sbrk
 .text._write   0x08003570       0x10 d:/arm_gcc/8 2019-q3-update/bin/../lib/gcc/arm-none-eabi/8.3.1/../../../../arm-none-eabi/lib/thumb/v7-m/nofp\libnosys.a(write.o)
                0x08003570                _write
 *(.glue_7)
 .glue_7        0x08003580        0x0 linker stubs
 *(.glue_7t)
 .glue_7t       0x08003580        0x0 linker stubs
 *(.eh_frame)
 .eh_frame      0x08003580        0x0 d:/arm_gcc/8 2019-q3-update/bin/../lib/gcc/arm-none-eabi/8.3.1/thumb/v7-m/nofp/crtbegin.o
 *(.init)
 .init          0x08003580        0x4 d:/arm_gcc/8 2019-q3-update/bin/../lib/gcc/arm-none-eabi/8.3.1/thumb/v7-m/nofp/crti.o
                0x08003580                _init
 .init          0x08003584        0x8 d:/arm_gcc/8 2019-q3-update/bin/../lib/gcc/arm-none-eabi/8.3.1/thumb/v7-m/nofp/crtn.o
 *(.fini)
 .fini          0x0800358c        0x4 d:/arm_gcc/8 2019-q3-update/bin/../lib/gcc/arm-none-eabi/8.3.1/thumb/v7-m/nofp/crti.o
                0x0800358c                _fini
 .fini          0x08003590        0x8 d:/arm_gcc/8 2019-q3-update/bin/../lib/gcc/arm-none-eabi/8.3.1/thumb/v7-m/nofp/crtn.o
                0x08003598                . = ALIGN (0x4)
                0x08003598                _etext = .

.vfp11_veneer   0x08003598        0x0
 .vfp11_veneer  0x08003598        0x0 linker stubs

.v4_bx          0x08003598        0x0
 .v4_bx         0x08003598        0x0 linker stubs

.iplt           0x08003598        0x0
 .iplt          0x08003598        0x0 d:/arm_gcc/8 2019-q3-update/bin/../lib/gcc/arm-none-eabi/8.3.1/thumb/v7-m/nofp/crtbegin.o

.rodata         0x08003598      0x128
                0x08003598                . = ALIGN (0x4)
 *(.rodata)
 .rodata        0x08003598       0x12 build/stm32f1xx_hal_rcc.o
 *(.rodata*)
 *fill*         0x080035aa        0x2 
 .rodata.os_thread_def_task1
                0x080035ac       0x20 build/main.o
                0x080035ac                os_thread_def_task1
 .rodata.str1.4
                0x080035cc        0x6 build/main.o
 *fill*         0x080035d2        0x2 
 .rodata.task1.str1.4
                0x080035d4       0x31 build/main.o
 *fill*         0x08003605        0x3 
 .rodata.AHBPrescTable
                0x08003608       0x10 build/system_stm32f1xx.o
                0x08003608                AHBPrescTable
 .rodata.k_idle_task_stk_addr
                0x08003618        0x4 build/tos_global.o
                0x08003618                k_idle_task_stk_addr
 .rodata.k_idle_task_stk_size
                0x0800361c        0x4 build/tos_global.o
                0x0800361c                k_idle_task_stk_size
 .rodata.knl_idle_init.str1.4
                0x08003620        0x8 build/tos_sys.o
                                  0x5 (size before relaxing)
 .rodata._global_impure_ptr
                0x08003628        0x4 d:/arm_gcc/8 2019-q3-update/bin/../lib/gcc/arm-none-eabi/8.3.1/../../../../arm-none-eabi/lib/thumb/v7-m/nofp\libc_nano.a(lib_a-impure.o)
                0x08003628                _global_impure_ptr
 .rodata.__sf_fake_stderr
                0x0800362c       0x20 d:/arm_gcc/8 2019-q3-update/bin/../lib/gcc/arm-none-eabi/8.3.1/../../../../arm-none-eabi/lib/thumb/v7-m/nofp\libc_nano.a(lib_a-findfp.o)
                0x0800362c                __sf_fake_stderr
 .rodata.__sf_fake_stdin
                0x0800364c       0x20 d:/arm_gcc/8 2019-q3-update/bin/../lib/gcc/arm-none-eabi/8.3.1/../../../../arm-none-eabi/lib/thumb/v7-m/nofp\libc_nano.a(lib_a-findfp.o)
                0x0800364c                __sf_fake_stdin
 .rodata.__sf_fake_stdout
                0x0800366c       0x20 d:/arm_gcc/8 2019-q3-update/bin/../lib/gcc/arm-none-eabi/8.3.1/../../../../arm-none-eabi/lib/thumb/v7-m/nofp\libc_nano.a(lib_a-findfp.o)
                0x0800366c                __sf_fake_stdout
 .rodata._vfprintf_r.str1.1
                0x0800368c       0x11 d:/arm_gcc/8 2019-q3-update/bin/../lib/gcc/arm-none-eabi/8.3.1/../../../../arm-none-eabi/lib/thumb/v7-m/nofp\libc_nano.a(lib_a-nano-vfprintf.o)
 .rodata._printf_i.str1.1
                0x0800369d       0x22 d:/arm_gcc/8 2019-q3-update/bin/../lib/gcc/arm-none-eabi/8.3.1/../../../../arm-none-eabi/lib/thumb/v7-m/nofp\libc_nano.a(lib_a-nano-vfprintf_i.o)
                0x080036c0                . = ALIGN (0x4)
 *fill*         0x080036bf        0x1 

.ARM.extab
 *(.ARM.extab* .gnu.linkonce.armextab.*)

.ARM            0x080036c0        0x8
                0x080036c0                __exidx_start = .
 *(.ARM.exidx*)
 .ARM.exidx     0x080036c0        0x8 d:/arm_gcc/8 2019-q3-update/bin/../lib/gcc/arm-none-eabi/8.3.1/thumb/v7-m/nofp\libgcc.a(_udivmoddi4.o)
                0x080036c8                __exidx_end = .

.rel.dyn        0x080036c8        0x0
 .rel.iplt      0x080036c8        0x0 d:/arm_gcc/8 2019-q3-update/bin/../lib/gcc/arm-none-eabi/8.3.1/thumb/v7-m/nofp/crtbegin.o

.preinit_array  0x080036c8        0x0
                0x080036c8                PROVIDE (__preinit_array_start = .)
 *(.preinit_array*)
                0x080036c8                PROVIDE (__preinit_array_end = .)

.init_array     0x080036c8        0x4
                0x080036c8                PROVIDE (__init_array_start = .)
 *(SORT_BY_NAME(.init_array.*))
 *(.init_array*)
 .init_array    0x080036c8        0x4 d:/arm_gcc/8 2019-q3-update/bin/../lib/gcc/arm-none-eabi/8.3.1/thumb/v7-m/nofp/crtbegin.o
                0x080036cc                PROVIDE (__init_array_end = .)

.fini_array     0x080036cc        0x4
                [!provide]                PROVIDE (__fini_array_start = .)
 *(SORT_BY_NAME(.fini_array.*))
 *(.fini_array*)
 .fini_array    0x080036cc        0x4 d:/arm_gcc/8 2019-q3-update/bin/../lib/gcc/arm-none-eabi/8.3.1/thumb/v7-m/nofp/crtbegin.o
                [!provide]                PROVIDE (__fini_array_end = .)
                0x080036d0                _sidata = LOADADDR (.data)

.data           0x20000000       0xa4 load address 0x080036d0
                0x20000000                . = ALIGN (0x4)
                0x20000000                _sdata = .
 *(.data)
 *(.data*)
 .data.uwTickFreq
                0x20000000        0x1 build/stm32f1xx_hal.o
                0x20000000                uwTickFreq
 *fill*         0x20000001        0x3 
 .data.uwTickPrio
                0x20000004        0x4 build/stm32f1xx_hal.o
                0x20000004                uwTickPrio
 .data.SystemCoreClock
                0x20000008        0x4 build/system_stm32f1xx.o
                0x20000008                SystemCoreClock
 *fill*         0x2000000c        0x4 
 .data.k_cpu_tick_per_second
                0x20000010        0x8 build/tos_global.o
                0x20000010                k_cpu_tick_per_second
 .data.k_dead_task_list
                0x20000018        0x8 build/tos_global.o
                0x20000018                k_dead_task_list
 .data.k_stat_list
                0x20000020        0x8 build/tos_global.o
                0x20000020                k_stat_list
 .data.k_tick_list
                0x20000028        0x8 build/tos_global.o
                0x20000028                k_tick_list
 .data.k_timer_ctl
                0x20000030       0x10 build/tos_global.o
                0x20000030                k_timer_ctl
 .data._impure_ptr
                0x20000040        0x4 d:/arm_gcc/8 2019-q3-update/bin/../lib/gcc/arm-none-eabi/8.3.1/../../../../arm-none-eabi/lib/thumb/v7-m/nofp\libc_nano.a(lib_a-impure.o)
                0x20000040                _impure_ptr
 .data.impure_data
                0x20000044       0x60 d:/arm_gcc/8 2019-q3-update/bin/../lib/gcc/arm-none-eabi/8.3.1/../../../../arm-none-eabi/lib/thumb/v7-m/nofp\libc_nano.a(lib_a-impure.o)
                0x200000a4                . = ALIGN (0x4)
                0x200000a4                _edata = .

.igot.plt       0x200000a4        0x0 load address 0x08003774
 .igot.plt      0x200000a4        0x0 d:/arm_gcc/8 2019-q3-update/bin/../lib/gcc/arm-none-eabi/8.3.1/thumb/v7-m/nofp/crtbegin.o
                0x200000a4                . = ALIGN (0x4)

.bss            0x200000a8     0x1350 load address 0x08003774
                0x200000a8                _sbss = .
                0x200000a8                __bss_start__ = _sbss
 *(.bss)
 .bss           0x200000a8       0x1c d:/arm_gcc/8 2019-q3-update/bin/../lib/gcc/arm-none-eabi/8.3.1/thumb/v7-m/nofp/crtbegin.o
 *(.bss*)
 .bss.k_cpu_cycle_per_tick
                0x200000c4        0x4 build/tos_global.o
                0x200000c4                k_cpu_cycle_per_tick
 .bss.k_curr_task
                0x200000c8        0x4 build/tos_global.o
                0x200000c8                k_curr_task
 .bss.k_irq_nest_cnt
                0x200000cc        0x1 build/tos_global.o
                0x200000cc                k_irq_nest_cnt
 .bss.k_knl_state
                0x200000cd        0x1 build/tos_global.o
                0x200000cd                k_knl_state
 *fill*         0x200000ce        0x2 
 .bss.k_next_task
                0x200000d0        0x4 build/tos_global.o
                0x200000d0                k_next_task
 .bss.k_sched_lock_nest_cnt
                0x200000d4        0x1 build/tos_global.o
                0x200000d4                k_sched_lock_nest_cnt
 *fill*         0x200000d5        0x3 
 .bss.k_tick_count
                0x200000d8        0x8 build/tos_global.o
                0x200000d8                k_tick_count
 .bss.__malloc_free_list
                0x200000e0        0x4 d:/arm_gcc/8 2019-q3-update/bin/../lib/gcc/arm-none-eabi/8.3.1/../../../../arm-none-eabi/lib/thumb/v7-m/nofp\libc_nano.a(lib_a-nano-mallocr.o)
                0x200000e0                __malloc_free_list
 .bss.__malloc_sbrk_start
                0x200000e4        0x4 d:/arm_gcc/8 2019-q3-update/bin/../lib/gcc/arm-none-eabi/8.3.1/../../../../arm-none-eabi/lib/thumb/v7-m/nofp\libc_nano.a(lib_a-nano-mallocr.o)
                0x200000e4                __malloc_sbrk_start
 .bss.heap_end.4194
                0x200000e8        0x4 d:/arm_gcc/8 2019-q3-update/bin/../lib/gcc/arm-none-eabi/8.3.1/../../../../arm-none-eabi/lib/thumb/v7-m/nofp\libnosys.a(sbrk.o)
 *(COMMON)
 *fill*         0x200000ec        0x4 
 COMMON         0x200000f0      0x288 build/main.o
                0x200000f0                task_stack_task1
                0x200002f0                task_handler_task1
 COMMON         0x20000378        0x4 build/stm32f1xx_hal.o
                0x20000378                uwTick
 *fill*         0x2000037c        0x4 
 COMMON         0x20000380     0x1068 build/tos_global.o
                0x20000380                k_rdyq
                0x200003d8                k_idle_task_stk
                0x200005d8                k_mmheap_ctl
                0x20001260                k_idle_task
                0x200012e8                k_mmheap_default_pool
 COMMON         0x200013e8        0x9 d:/arm_gcc/8 2019-q3-update/bin/../lib/gcc/arm-none-eabi/8.3.1/../../../../arm-none-eabi/lib/thumb/v7-m/nofp\libc_nano.a(lib_a-lock.o)
                0x200013e8                __lock___atexit_recursive_mutex
                0x200013e9                __lock___arc4random_mutex
                0x200013ea                __lock___env_recursive_mutex
                0x200013eb                __lock___sinit_recursive_mutex
                0x200013ec                __lock___malloc_recursive_mutex
                0x200013ed                __lock___at_quick_exit_mutex
                0x200013ee                __lock___dd_hash_mutex
                0x200013ef                __lock___tz_mutex
                0x200013f0                __lock___sfp_recursive_mutex
 *fill*         0x200013f1        0x3 
 COMMON         0x200013f4        0x4 d:/arm_gcc/8 2019-q3-update/bin/../lib/gcc/arm-none-eabi/8.3.1/../../../../arm-none-eabi/lib/thumb/v7-m/nofp\libc_nano.a(lib_a-reent.o)
                0x200013f4                errno
                0x200013f8                . = ALIGN (0x4)
                0x200013f8                _ebss = .
                0x200013f8                __bss_end__ = _ebss

._user_heap_stack
                0x200013f8      0x600 load address 0x08003774
                0x200013f8                . = ALIGN (0x8)
                0x200013f8                PROVIDE (end = .)
                [!provide]                PROVIDE (_end = .)
                0x200015f8                . = (. + _Min_Heap_Size)
 *fill*         0x200013f8      0x200 
                0x200019f8                . = (. + _Min_Stack_Size)
 *fill*         0x200015f8      0x400 
                0x200019f8                . = ALIGN (0x8)

/DISCARD/
 libc.a(*)
 libm.a(*)
 libgcc.a(*)

.ARM.attributes
                0x00000000       0x29
 *(.ARM.attributes)
 .ARM.attributes
                0x00000000       0x1d d:/arm_gcc/8 2019-q3-update/bin/../lib/gcc/arm-none-eabi/8.3.1/thumb/v7-m/nofp/crti.o
 .ARM.attributes
                0x0000001d       0x2d d:/arm_gcc/8 2019-q3-update/bin/../lib/gcc/arm-none-eabi/8.3.1/thumb/v7-m/nofp/crtbegin.o
 .ARM.attributes
                0x0000004a       0x2d build/main.o
 .ARM.attributes
                0x00000077       0x2d build/gpio.o
 .ARM.attributes
                0x000000a4       0x2d build/stm32f1xx_it.o
 .ARM.attributes
                0x000000d1       0x2d build/stm32f1xx_hal_msp.o
 .ARM.attributes
                0x000000fe       0x2d build/stm32f1xx_hal.o
 .ARM.attributes
                0x0000012b       0x2d build/stm32f1xx_hal_rcc.o
 .ARM.attributes
                0x00000158       0x2d build/stm32f1xx_hal_gpio.o
 .ARM.attributes
                0x00000185       0x2d build/stm32f1xx_hal_cortex.o
 .ARM.attributes
                0x000001b2       0x2d build/system_stm32f1xx.o
 .ARM.attributes
                0x000001df       0x2d build/port_c.o
 .ARM.attributes
                0x0000020c       0x2d build/tos_cpu.o
 .ARM.attributes
                0x00000239       0x2d build/tos_tick.o
 .ARM.attributes
                0x00000266       0x2d build/tos_pend.o
 .ARM.attributes
                0x00000293       0x33 build/tos_global.o
 .ARM.attributes
                0x000002c6       0x2d build/tos_sched.o
 .ARM.attributes
                0x000002f3       0x2d build/tos_task.o
 .ARM.attributes
                0x00000320       0x2d build/tos_mutex.o
 .ARM.attributes
                0x0000034d       0x2d build/tos_sys.o
 .ARM.attributes
                0x0000037a       0x2d build/tos_time.o
 .ARM.attributes
                0x000003a7       0x2d build/tos_timer.o
 .ARM.attributes
                0x000003d4       0x2d build/tos_mmheap.o
 .ARM.attributes
                0x00000401       0x2d build/cmsis_os.o
 .ARM.attributes
                0x0000042e       0x21 build/startup_stm32f103xe.o
 .ARM.attributes
                0x0000044f       0x1b build/port_s.o
 .ARM.attributes
                0x0000046a       0x2d d:/arm_gcc/8 2019-q3-update/bin/../lib/gcc/arm-none-eabi/8.3.1/../../../../arm-none-eabi/lib/thumb/v7-m/nofp\libc_nano.a(lib_a-impure.o)
 .ARM.attributes
                0x00000497       0x2d d:/arm_gcc/8 2019-q3-update/bin/../lib/gcc/arm-none-eabi/8.3.1/../../../../arm-none-eabi/lib/thumb/v7-m/nofp\libc_nano.a(lib_a-init.o)
 .ARM.attributes
                0x000004c4       0x2d d:/arm_gcc/8 2019-q3-update/bin/../lib/gcc/arm-none-eabi/8.3.1/../../../../arm-none-eabi/lib/thumb/v7-m/nofp\libc_nano.a(lib_a-memset.o)
 .ARM.attributes
                0x000004f1       0x2d d:/arm_gcc/8 2019-q3-update/bin/../lib/gcc/arm-none-eabi/8.3.1/../../../../arm-none-eabi/lib/thumb/v7-m/nofp\libc_nano.a(lib_a-printf.o)
 .ARM.attributes
                0x0000051e       0x2d d:/arm_gcc/8 2019-q3-update/bin/../lib/gcc/arm-none-eabi/8.3.1/../../../../arm-none-eabi/lib/thumb/v7-m/nofp\libc_nano.a(lib_a-strncpy.o)
 .ARM.attributes
                0x0000054b       0x2d d:/arm_gcc/8 2019-q3-update/bin/../lib/gcc/arm-none-eabi/8.3.1/../../../../arm-none-eabi/lib/thumb/v7-m/nofp\libc_nano.a(lib_a-findfp.o)
 .ARM.attributes
                0x00000578       0x2d d:/arm_gcc/8 2019-q3-update/bin/../lib/gcc/arm-none-eabi/8.3.1/../../../../arm-none-eabi/lib/thumb/v7-m/nofp\libc_nano.a(lib_a-fwalk.o)
 .ARM.attributes
                0x000005a5       0x2d d:/arm_gcc/8 2019-q3-update/bin/../lib/gcc/arm-none-eabi/8.3.1/../../../../arm-none-eabi/lib/thumb/v7-m/nofp\libc_nano.a(lib_a-lock.o)
 .ARM.attributes
                0x000005d2       0x2d d:/arm_gcc/8 2019-q3-update/bin/../lib/gcc/arm-none-eabi/8.3.1/../../../../arm-none-eabi/lib/thumb/v7-m/nofp\libc_nano.a(lib_a-nano-mallocr.o)
 .ARM.attributes
                0x000005ff       0x2d d:/arm_gcc/8 2019-q3-update/bin/../lib/gcc/arm-none-eabi/8.3.1/../../../../arm-none-eabi/lib/thumb/v7-m/nofp\libc_nano.a(lib_a-nano-vfprintf.o)
 .ARM.attributes
                0x0000062c       0x2d d:/arm_gcc/8 2019-q3-update/bin/../lib/gcc/arm-none-eabi/8.3.1/../../../../arm-none-eabi/lib/thumb/v7-m/nofp\libc_nano.a(lib_a-nano-vfprintf_i.o)
 .ARM.attributes
                0x00000659       0x2d d:/arm_gcc/8 2019-q3-update/bin/../lib/gcc/arm-none-eabi/8.3.1/../../../../arm-none-eabi/lib/thumb/v7-m/nofp\libc_nano.a(lib_a-sbrkr.o)
 .ARM.attributes
                0x00000686       0x2d d:/arm_gcc/8 2019-q3-update/bin/../lib/gcc/arm-none-eabi/8.3.1/../../../../arm-none-eabi/lib/thumb/v7-m/nofp\libc_nano.a(lib_a-stdio.o)
 .ARM.attributes
                0x000006b3       0x2d d:/arm_gcc/8 2019-q3-update/bin/../lib/gcc/arm-none-eabi/8.3.1/../../../../arm-none-eabi/lib/thumb/v7-m/nofp\libc_nano.a(lib_a-wbuf.o)
 .ARM.attributes
                0x000006e0       0x2d d:/arm_gcc/8 2019-q3-update/bin/../lib/gcc/arm-none-eabi/8.3.1/../../../../arm-none-eabi/lib/thumb/v7-m/nofp\libc_nano.a(lib_a-writer.o)
 .ARM.attributes
                0x0000070d       0x2d d:/arm_gcc/8 2019-q3-update/bin/../lib/gcc/arm-none-eabi/8.3.1/../../../../arm-none-eabi/lib/thumb/v7-m/nofp\libc_nano.a(lib_a-wsetup.o)
 .ARM.attributes
                0x0000073a       0x2d d:/arm_gcc/8 2019-q3-update/bin/../lib/gcc/arm-none-eabi/8.3.1/../../../../arm-none-eabi/lib/thumb/v7-m/nofp\libc_nano.a(lib_a-closer.o)
 .ARM.attributes
                0x00000767       0x2d d:/arm_gcc/8 2019-q3-update/bin/../lib/gcc/arm-none-eabi/8.3.1/../../../../arm-none-eabi/lib/thumb/v7-m/nofp\libc_nano.a(lib_a-fflush.o)
 .ARM.attributes
                0x00000794       0x2d d:/arm_gcc/8 2019-q3-update/bin/../lib/gcc/arm-none-eabi/8.3.1/../../../../arm-none-eabi/lib/thumb/v7-m/nofp\libc_nano.a(lib_a-lseekr.o)
 .ARM.attributes
                0x000007c1       0x2d d:/arm_gcc/8 2019-q3-update/bin/../lib/gcc/arm-none-eabi/8.3.1/../../../../arm-none-eabi/lib/thumb/v7-m/nofp\libc_nano.a(lib_a-makebuf.o)
 .ARM.attributes
                0x000007ee       0x2d d:/arm_gcc/8 2019-q3-update/bin/../lib/gcc/arm-none-eabi/8.3.1/../../../../arm-none-eabi/lib/thumb/v7-m/nofp\libc_nano.a(lib_a-memchr-stub.o)
 .ARM.attributes
                0x0000081b       0x2d d:/arm_gcc/8 2019-q3-update/bin/../lib/gcc/arm-none-eabi/8.3.1/../../../../arm-none-eabi/lib/thumb/v7-m/nofp\libc_nano.a(lib_a-mlock.o)
 .ARM.attributes
                0x00000848       0x2d d:/arm_gcc/8 2019-q3-update/bin/../lib/gcc/arm-none-eabi/8.3.1/../../../../arm-none-eabi/lib/thumb/v7-m/nofp\libc_nano.a(lib_a-nano-freer.o)
 .ARM.attributes
                0x00000875       0x2d d:/arm_gcc/8 2019-q3-update/bin/../lib/gcc/arm-none-eabi/8.3.1/../../../../arm-none-eabi/lib/thumb/v7-m/nofp\libc_nano.a(lib_a-readr.o)
 .ARM.attributes
                0x000008a2       0x2d d:/arm_gcc/8 2019-q3-update/bin/../lib/gcc/arm-none-eabi/8.3.1/../../../../arm-none-eabi/lib/thumb/v7-m/nofp\libc_nano.a(lib_a-reent.o)
 .ARM.attributes
                0x000008cf       0x2d d:/arm_gcc/8 2019-q3-update/bin/../lib/gcc/arm-none-eabi/8.3.1/../../../../arm-none-eabi/lib/thumb/v7-m/nofp\libc_nano.a(lib_a-fstatr.o)
 .ARM.attributes
                0x000008fc       0x2d d:/arm_gcc/8 2019-q3-update/bin/../lib/gcc/arm-none-eabi/8.3.1/../../../../arm-none-eabi/lib/thumb/v7-m/nofp\libc_nano.a(lib_a-isattyr.o)
 .ARM.attributes
                0x00000929       0x2d d:/arm_gcc/8 2019-q3-update/bin/../lib/gcc/arm-none-eabi/8.3.1/../../../../arm-none-eabi/lib/thumb/v7-m/nofp\libnosys.a(close.o)
 .ARM.attributes
                0x00000956       0x2d d:/arm_gcc/8 2019-q3-update/bin/../lib/gcc/arm-none-eabi/8.3.1/../../../../arm-none-eabi/lib/thumb/v7-m/nofp\libnosys.a(fstat.o)
 .ARM.attributes
                0x00000983       0x2d d:/arm_gcc/8 2019-q3-update/bin/../lib/gcc/arm-none-eabi/8.3.1/../../../../arm-none-eabi/lib/thumb/v7-m/nofp\libnosys.a(isatty.o)
 .ARM.attributes
                0x000009b0       0x2d d:/arm_gcc/8 2019-q3-update/bin/../lib/gcc/arm-none-eabi/8.3.1/../../../../arm-none-eabi/lib/thumb/v7-m/nofp\libnosys.a(lseek.o)
 .ARM.attributes
                0x000009dd       0x2d d:/arm_gcc/8 2019-q3-update/bin/../lib/gcc/arm-none-eabi/8.3.1/../../../../arm-none-eabi/lib/thumb/v7-m/nofp\libnosys.a(read.o)
 .ARM.attributes
                0x00000a0a       0x2d d:/arm_gcc/8 2019-q3-update/bin/../lib/gcc/arm-none-eabi/8.3.1/../../../../arm-none-eabi/lib/thumb/v7-m/nofp\libnosys.a(sbrk.o)
 .ARM.attributes
                0x00000a37       0x2d d:/arm_gcc/8 2019-q3-update/bin/../lib/gcc/arm-none-eabi/8.3.1/../../../../arm-none-eabi/lib/thumb/v7-m/nofp\libnosys.a(write.o)
 .ARM.attributes
                0x00000a64       0x1d d:/arm_gcc/8 2019-q3-update/bin/../lib/gcc/arm-none-eabi/8.3.1/thumb/v7-m/nofp\libgcc.a(_aeabi_uldivmod.o)
 .ARM.attributes
                0x00000a81       0x2d d:/arm_gcc/8 2019-q3-update/bin/../lib/gcc/arm-none-eabi/8.3.1/thumb/v7-m/nofp\libgcc.a(_udivmoddi4.o)
 .ARM.attributes
                0x00000aae       0x1d d:/arm_gcc/8 2019-q3-update/bin/../lib/gcc/arm-none-eabi/8.3.1/thumb/v7-m/nofp\libgcc.a(_dvmd_tls.o)
 .ARM.attributes
                0x00000acb       0x1d d:/arm_gcc/8 2019-q3-update/bin/../lib/gcc/arm-none-eabi/8.3.1/thumb/v7-m/nofp/crtn.o
OUTPUT(build/smart_fridge.elf elf32-littlearm)

.debug_info     0x00000000    0x236a4
 .debug_info    0x00000000     0x1792 build/main.o
 .debug_info    0x00001792      0xd99 build/gpio.o
 .debug_info    0x0000252b     0x1377 build/stm32f1xx_it.o
 .debug_info    0x000038a2      0xca6 build/stm32f1xx_hal_msp.o
 .debug_info    0x00004548     0x128e build/stm32f1xx_hal.o
 .debug_info    0x000057d6     0x1515 build/stm32f1xx_hal_rcc.o
 .debug_info    0x00006ceb     0x114b build/stm32f1xx_hal_gpio.o
 .debug_info    0x00007e36     0x18cc build/stm32f1xx_hal_cortex.o
 .debug_info    0x00009702      0xe55 build/system_stm32f1xx.o
 .debug_info    0x0000a557     0x1932 build/port_c.o
 .debug_info    0x0000be89     0x1897 build/tos_cpu.o
 .debug_info    0x0000d720     0x1834 build/tos_tick.o
 .debug_info    0x0000ef54     0x1cff build/tos_pend.o
 .debug_info    0x00010c53     0x1335 build/tos_global.o
 .debug_info    0x00011f88     0x1a81 build/tos_sched.o
 .debug_info    0x00013a09     0x2fb2 build/tos_task.o
 .debug_info    0x000169bb     0x2037 build/tos_mutex.o
 .debug_info    0x000189f2     0x1970 build/tos_sys.o
 .debug_info    0x0001a362     0x173a build/tos_time.o
 .debug_info    0x0001ba9c     0x1e55 build/tos_timer.o
 .debug_info    0x0001d8f1     0x333f build/tos_mmheap.o
 .debug_info    0x00020c30     0x2a2c build/cmsis_os.o
 .debug_info    0x0002365c       0x22 build/startup_stm32f103xe.o
 .debug_info    0x0002367e       0x26 build/port_s.o

.debug_abbrev   0x00000000     0x4810
 .debug_abbrev  0x00000000      0x310 build/main.o
 .debug_abbrev  0x00000310      0x239 build/gpio.o
 .debug_abbrev  0x00000549      0x25a build/stm32f1xx_it.o
 .debug_abbrev  0x000007a3      0x21c build/stm32f1xx_hal_msp.o
 .debug_abbrev  0x000009bf      0x348 build/stm32f1xx_hal.o
 .debug_abbrev  0x00000d07      0x386 build/stm32f1xx_hal_rcc.o
 .debug_abbrev  0x0000108d      0x30a build/stm32f1xx_hal_gpio.o
 .debug_abbrev  0x00001397      0x459 build/stm32f1xx_hal_cortex.o
 .debug_abbrev  0x000017f0      0x23f build/system_stm32f1xx.o
 .debug_abbrev  0x00001a2f      0x2e9 build/port_c.o
 .debug_abbrev  0x00001d18      0x2fc build/tos_cpu.o
 .debug_abbrev  0x00002014      0x35e build/tos_tick.o
 .debug_abbrev  0x00002372      0x3ad build/tos_pend.o
 .debug_abbrev  0x0000271f      0x1fa build/tos_global.o
 .debug_abbrev  0x00002919      0x392 build/tos_sched.o
 .debug_abbrev  0x00002cab      0x49a build/tos_task.o
 .debug_abbrev  0x00003145      0x35c build/tos_mutex.o
 .debug_abbrev  0x000034a1      0x344 build/tos_sys.o
 .debug_abbrev  0x000037e5      0x305 build/tos_time.o
 .debug_abbrev  0x00003aea      0x3c9 build/tos_timer.o
 .debug_abbrev  0x00003eb3      0x568 build/tos_mmheap.o
 .debug_abbrev  0x0000441b      0x3cf build/cmsis_os.o
 .debug_abbrev  0x000047ea       0x12 build/startup_stm32f103xe.o
 .debug_abbrev  0x000047fc       0x14 build/port_s.o

.debug_loc      0x00000000     0x8f7c
 .debug_loc     0x00000000       0xce build/main.o
 .debug_loc     0x000000ce       0x38 build/gpio.o
 .debug_loc     0x00000106       0x20 build/stm32f1xx_it.o
 .debug_loc     0x00000126       0x41 build/stm32f1xx_hal_msp.o
 .debug_loc     0x00000167      0x1cc build/stm32f1xx_hal.o
 .debug_loc     0x00000333      0x815 build/stm32f1xx_hal_rcc.o
 .debug_loc     0x00000b48      0x594 build/stm32f1xx_hal_gpio.o
 .debug_loc     0x000010dc      0x76b build/stm32f1xx_hal_cortex.o
 .debug_loc     0x00001847       0xff build/system_stm32f1xx.o
 .debug_loc     0x00001946       0xd6 build/port_c.o
 .debug_loc     0x00001a1c      0x4e0 build/tos_cpu.o
 .debug_loc     0x00001efc      0x5c9 build/tos_tick.o
 .debug_loc     0x000024c5      0x732 build/tos_pend.o
 .debug_loc     0x00002bf7      0x683 build/tos_sched.o
 .debug_loc     0x0000327a     0x1458 build/tos_task.o
 .debug_loc     0x000046d2      0x708 build/tos_mutex.o
 .debug_loc     0x00004dda      0x2c1 build/tos_sys.o
 .debug_loc     0x0000509b      0x32b build/tos_time.o
 .debug_loc     0x000053c6      0xbf8 build/tos_timer.o
 .debug_loc     0x00005fbe     0x2045 build/tos_mmheap.o
 .debug_loc     0x00008003      0xf79 build/cmsis_os.o

.debug_aranges  0x00000000      0xa68
 .debug_aranges
                0x00000000       0x38 build/main.o
 .debug_aranges
                0x00000038       0x20 build/gpio.o
 .debug_aranges
                0x00000058       0x60 build/stm32f1xx_it.o
 .debug_aranges
                0x000000b8       0x20 build/stm32f1xx_hal_msp.o
 .debug_aranges
                0x000000d8       0xd0 build/stm32f1xx_hal.o
 .debug_aranges
                0x000001a8       0x90 build/stm32f1xx_hal_rcc.o
 .debug_aranges
                0x00000238       0x58 build/stm32f1xx_hal_gpio.o
 .debug_aranges
                0x00000290       0x90 build/stm32f1xx_hal_cortex.o
 .debug_aranges
                0x00000320       0x28 build/system_stm32f1xx.o
 .debug_aranges
                0x00000348       0x30 build/port_c.o
 .debug_aranges
                0x00000378       0x80 build/tos_cpu.o
 .debug_aranges
                0x000003f8       0x50 build/tos_tick.o
 .debug_aranges
                0x00000448       0x88 build/tos_pend.o
 .debug_aranges
                0x000004d0       0x18 build/tos_global.o
 .debug_aranges
                0x000004e8       0x68 build/tos_sched.o
 .debug_aranges
                0x00000550       0xc8 build/tos_task.o
 .debug_aranges
                0x00000618       0x48 build/tos_mutex.o
 .debug_aranges
                0x00000660       0x88 build/tos_sys.o
 .debug_aranges
                0x000006e8       0x48 build/tos_time.o
 .debug_aranges
                0x00000730       0x78 build/tos_timer.o
 .debug_aranges
                0x000007a8      0x158 build/tos_mmheap.o
 .debug_aranges
                0x00000900      0x120 build/cmsis_os.o
 .debug_aranges
                0x00000a20       0x28 build/startup_stm32f103xe.o
 .debug_aranges
                0x00000a48       0x20 build/port_s.o

.debug_ranges   0x00000000      0x9e0
 .debug_ranges  0x00000000       0x28 build/main.o
 .debug_ranges  0x00000028       0x10 build/gpio.o
 .debug_ranges  0x00000038       0x50 build/stm32f1xx_it.o
 .debug_ranges  0x00000088       0x10 build/stm32f1xx_hal_msp.o
 .debug_ranges  0x00000098       0xc0 build/stm32f1xx_hal.o
 .debug_ranges  0x00000158       0xa0 build/stm32f1xx_hal_rcc.o
 .debug_ranges  0x000001f8       0x48 build/stm32f1xx_hal_gpio.o
 .debug_ranges  0x00000240       0xc8 build/stm32f1xx_hal_cortex.o
 .debug_ranges  0x00000308       0x18 build/system_stm32f1xx.o
 .debug_ranges  0x00000320       0x20 build/port_c.o
 .debug_ranges  0x00000340       0x70 build/tos_cpu.o
 .debug_ranges  0x000003b0       0x40 build/tos_tick.o
 .debug_ranges  0x000003f0       0x78 build/tos_pend.o
 .debug_ranges  0x00000468       0x90 build/tos_sched.o
 .debug_ranges  0x000004f8       0xd8 build/tos_task.o
 .debug_ranges  0x000005d0       0x68 build/tos_mutex.o
 .debug_ranges  0x00000638       0x78 build/tos_sys.o
 .debug_ranges  0x000006b0       0x38 build/tos_time.o
 .debug_ranges  0x000006e8       0x68 build/tos_timer.o
 .debug_ranges  0x00000750      0x160 build/tos_mmheap.o
 .debug_ranges  0x000008b0      0x110 build/cmsis_os.o
 .debug_ranges  0x000009c0       0x20 build/startup_stm32f103xe.o

.debug_line     0x00000000     0x94b9
 .debug_line    0x00000000      0x44b build/main.o
 .debug_line    0x0000044b      0x23a build/gpio.o
 .debug_line    0x00000685      0x3a2 build/stm32f1xx_it.o
 .debug_line    0x00000a27      0x206 build/stm32f1xx_hal_msp.o
 .debug_line    0x00000c2d      0x523 build/stm32f1xx_hal.o
 .debug_line    0x00001150      0xbf8 build/stm32f1xx_hal_rcc.o
 .debug_line    0x00001d48      0x679 build/stm32f1xx_hal_gpio.o
 .debug_line    0x000023c1      0x639 build/stm32f1xx_hal_cortex.o
 .debug_line    0x000029fa      0x2f7 build/system_stm32f1xx.o
 .debug_line    0x00002cf1      0x3d4 build/port_c.o
 .debug_line    0x000030c5      0x59d build/tos_cpu.o
 .debug_line    0x00003662      0x619 build/tos_tick.o
 .debug_line    0x00003c7b      0x68f build/tos_pend.o
 .debug_line    0x0000430a      0x2ae build/tos_global.o
 .debug_line    0x000045b8      0x73b build/tos_sched.o
 .debug_line    0x00004cf3     0x10a8 build/tos_task.o
 .debug_line    0x00005d9b      0x836 build/tos_mutex.o
 .debug_line    0x000065d1      0x5dc build/tos_sys.o
 .debug_line    0x00006bad      0x3fc build/tos_time.o
 .debug_line    0x00006fa9      0x927 build/tos_timer.o
 .debug_line    0x000078d0     0x1140 build/tos_mmheap.o
 .debug_line    0x00008a10      0x9a4 build/cmsis_os.o
 .debug_line    0x000093b4       0x72 build/startup_stm32f103xe.o
 .debug_line    0x00009426       0x93 build/port_s.o

.debug_str      0x00000000     0x3f74
 .debug_str     0x00000000     0x1002 build/main.o
                               0x1117 (size before relaxing)
 .debug_str     0x00001002       0xb9 build/gpio.o
                                0x742 (size before relaxing)
 .debug_str     0x000010bb       0xf7 build/stm32f1xx_it.o
                                0xead (size before relaxing)
 .debug_str     0x000011b2       0x52 build/stm32f1xx_hal_msp.o
                                0x6e4 (size before relaxing)
 .debug_str     0x00001204      0x636 build/stm32f1xx_hal.o
                                0xd1f (size before relaxing)
 .debug_str     0x0000183a      0x1ec build/stm32f1xx_hal_rcc.o
                                0xaa7 (size before relaxing)
 .debug_str     0x00001a26      0x114 build/stm32f1xx_hal_gpio.o
                                0x8d0 (size before relaxing)
 .debug_str     0x00001b3a      0x2c5 build/stm32f1xx_hal_cortex.o
                                0xe47 (size before relaxing)
 .debug_str     0x00001dff       0x4a build/system_stm32f1xx.o
                                0x739 (size before relaxing)
 .debug_str     0x00001e49       0x69 build/port_c.o
                               0x1316 (size before relaxing)
 .debug_str     0x00001eb2      0x97a build/tos_cpu.o
                               0x1796 (size before relaxing)
 .debug_str     0x0000282c      0x12d build/tos_tick.o
                                0xf71 (size before relaxing)
 .debug_str     0x00002959      0x1f1 build/tos_pend.o
                               0x17ea (size before relaxing)
 .debug_str     0x00002b4a       0x1d build/tos_global.o
                                0xdd3 (size before relaxing)
 .debug_str     0x00002b67      0x160 build/tos_sched.o
                                0xfa7 (size before relaxing)
 .debug_str     0x00002cc7      0x444 build/tos_task.o
                               0x1bde (size before relaxing)
 .debug_str     0x0000310b       0xc3 build/tos_mutex.o
                               0x1876 (size before relaxing)
 .debug_str     0x000031ce       0x73 build/tos_sys.o
                               0x1768 (size before relaxing)
 .debug_str     0x00003241       0x9a build/tos_time.o
                               0x167e (size before relaxing)
 .debug_str     0x000032db      0x1f2 build/tos_timer.o
                               0x188f (size before relaxing)
 .debug_str     0x000034cd      0x473 build/tos_mmheap.o
                               0x1a7f (size before relaxing)
 .debug_str     0x00003940      0x5e4 build/cmsis_os.o
                               0x1f90 (size before relaxing)
 .debug_str     0x00003f24       0x24 build/startup_stm32f103xe.o
                                 0x67 (size before relaxing)
 .debug_str     0x00003f48       0x2c build/port_s.o
                                 0x7d (size before relaxing)

.comment        0x00000000       0x76
 .comment       0x00000000       0x76 build/main.o
                                 0x77 (size before relaxing)
 .comment       0x00000076       0x77 build/gpio.o
 .comment       0x00000076       0x77 build/stm32f1xx_it.o
 .comment       0x00000076       0x77 build/stm32f1xx_hal_msp.o
 .comment       0x00000076       0x77 build/stm32f1xx_hal.o
 .comment       0x00000076       0x77 build/stm32f1xx_hal_rcc.o
 .comment       0x00000076       0x77 build/stm32f1xx_hal_gpio.o
 .comment       0x00000076       0x77 build/stm32f1xx_hal_cortex.o
 .comment       0x00000076       0x77 build/system_stm32f1xx.o
 .comment       0x00000076       0x77 build/port_c.o
 .comment       0x00000076       0x77 build/tos_cpu.o
 .comment       0x00000076       0x77 build/tos_tick.o
 .comment       0x00000076       0x77 build/tos_pend.o
 .comment       0x00000076       0x77 build/tos_global.o
 .comment       0x00000076       0x77 build/tos_sched.o
 .comment       0x00000076       0x77 build/tos_task.o
 .comment       0x00000076       0x77 build/tos_mutex.o
 .comment       0x00000076       0x77 build/tos_sys.o
 .comment       0x00000076       0x77 build/tos_time.o
 .comment       0x00000076       0x77 build/tos_timer.o
 .comment       0x00000076       0x77 build/tos_mmheap.o
 .comment       0x00000076       0x77 build/cmsis_os.o

.debug_frame    0x00000000     0x2668
 .debug_frame   0x00000000       0x7c build/main.o
 .debug_frame   0x0000007c       0x34 build/gpio.o
 .debug_frame   0x000000b0       0xac build/stm32f1xx_it.o
 .debug_frame   0x0000015c       0x28 build/stm32f1xx_hal_msp.o
 .debug_frame   0x00000184      0x1c0 build/stm32f1xx_hal.o
 .debug_frame   0x00000344      0x1b0 build/stm32f1xx_hal_rcc.o
 .debug_frame   0x000004f4       0xe8 build/stm32f1xx_hal_gpio.o
 .debug_frame   0x000005dc      0x13c build/stm32f1xx_hal_cortex.o
 .debug_frame   0x00000718       0x30 build/system_stm32f1xx.o
 .debug_frame   0x00000748       0x40 build/port_c.o
 .debug_frame   0x00000788      0x194 build/tos_cpu.o
 .debug_frame   0x0000091c      0x104 build/tos_tick.o
 .debug_frame   0x00000a20      0x158 build/tos_pend.o
 .debug_frame   0x00000b78      0x11c build/tos_sched.o
 .debug_frame   0x00000c94      0x320 build/tos_task.o
 .debug_frame   0x00000fb4       0xe0 build/tos_mutex.o
 .debug_frame   0x00001094      0x15c build/tos_sys.o
 .debug_frame   0x000011f0       0xd8 build/tos_time.o
 .debug_frame   0x000012c8      0x1c4 build/tos_timer.o
 .debug_frame   0x0000148c      0x4a8 build/tos_mmheap.o
 .debug_frame   0x00001934      0x3b8 build/cmsis_os.o
 .debug_frame   0x00001cec       0x2c d:/arm_gcc/8 2019-q3-update/bin/../lib/gcc/arm-none-eabi/8.3.1/../../../../arm-none-eabi/lib/thumb/v7-m/nofp\libc_nano.a(lib_a-init.o)
 .debug_frame   0x00001d18       0x20 d:/arm_gcc/8 2019-q3-update/bin/../lib/gcc/arm-none-eabi/8.3.1/../../../../arm-none-eabi/lib/thumb/v7-m/nofp\libc_nano.a(lib_a-memset.o)
 .debug_frame   0x00001d38       0x74 d:/arm_gcc/8 2019-q3-update/bin/../lib/gcc/arm-none-eabi/8.3.1/../../../../arm-none-eabi/lib/thumb/v7-m/nofp\libc_nano.a(lib_a-printf.o)
 .debug_frame   0x00001dac       0x28 d:/arm_gcc/8 2019-q3-update/bin/../lib/gcc/arm-none-eabi/8.3.1/../../../../arm-none-eabi/lib/thumb/v7-m/nofp\libc_nano.a(lib_a-strncpy.o)
 .debug_frame   0x00001dd4      0x14c d:/arm_gcc/8 2019-q3-update/bin/../lib/gcc/arm-none-eabi/8.3.1/../../../../arm-none-eabi/lib/thumb/v7-m/nofp\libc_nano.a(lib_a-findfp.o)
 .debug_frame   0x00001f20       0x54 d:/arm_gcc/8 2019-q3-update/bin/../lib/gcc/arm-none-eabi/8.3.1/../../../../arm-none-eabi/lib/thumb/v7-m/nofp\libc_nano.a(lib_a-fwalk.o)
 .debug_frame   0x00001f74       0xb0 d:/arm_gcc/8 2019-q3-update/bin/../lib/gcc/arm-none-eabi/8.3.1/../../../../arm-none-eabi/lib/thumb/v7-m/nofp\libc_nano.a(lib_a-lock.o)
 .debug_frame   0x00002024       0x30 d:/arm_gcc/8 2019-q3-update/bin/../lib/gcc/arm-none-eabi/8.3.1/../../../../arm-none-eabi/lib/thumb/v7-m/nofp\libc_nano.a(lib_a-nano-mallocr.o)
 .debug_frame   0x00002054       0xac d:/arm_gcc/8 2019-q3-update/bin/../lib/gcc/arm-none-eabi/8.3.1/../../../../arm-none-eabi/lib/thumb/v7-m/nofp\libc_nano.a(lib_a-nano-vfprintf.o)
 .debug_frame   0x00002100       0x60 d:/arm_gcc/8 2019-q3-update/bin/../lib/gcc/arm-none-eabi/8.3.1/../../../../arm-none-eabi/lib/thumb/v7-m/nofp\libc_nano.a(lib_a-nano-vfprintf_i.o)
 .debug_frame   0x00002160       0x2c d:/arm_gcc/8 2019-q3-update/bin/../lib/gcc/arm-none-eabi/8.3.1/../../../../arm-none-eabi/lib/thumb/v7-m/nofp\libc_nano.a(lib_a-sbrkr.o)
 .debug_frame   0x0000218c       0x88 d:/arm_gcc/8 2019-q3-update/bin/../lib/gcc/arm-none-eabi/8.3.1/../../../../arm-none-eabi/lib/thumb/v7-m/nofp\libc_nano.a(lib_a-stdio.o)
 .debug_frame   0x00002214       0x40 d:/arm_gcc/8 2019-q3-update/bin/../lib/gcc/arm-none-eabi/8.3.1/../../../../arm-none-eabi/lib/thumb/v7-m/nofp\libc_nano.a(lib_a-wbuf.o)
 .debug_frame   0x00002254       0x2c d:/arm_gcc/8 2019-q3-update/bin/../lib/gcc/arm-none-eabi/8.3.1/../../../../arm-none-eabi/lib/thumb/v7-m/nofp\libc_nano.a(lib_a-writer.o)
 .debug_frame   0x00002280       0x2c d:/arm_gcc/8 2019-q3-update/bin/../lib/gcc/arm-none-eabi/8.3.1/../../../../arm-none-eabi/lib/thumb/v7-m/nofp\libc_nano.a(lib_a-wsetup.o)
 .debug_frame   0x000022ac       0x2c d:/arm_gcc/8 2019-q3-update/bin/../lib/gcc/arm-none-eabi/8.3.1/../../../../arm-none-eabi/lib/thumb/v7-m/nofp\libc_nano.a(lib_a-closer.o)
 .debug_frame   0x000022d8       0x5c d:/arm_gcc/8 2019-q3-update/bin/../lib/gcc/arm-none-eabi/8.3.1/../../../../arm-none-eabi/lib/thumb/v7-m/nofp\libc_nano.a(lib_a-fflush.o)
 .debug_frame   0x00002334       0x2c d:/arm_gcc/8 2019-q3-update/bin/../lib/gcc/arm-none-eabi/8.3.1/../../../../arm-none-eabi/lib/thumb/v7-m/nofp\libc_nano.a(lib_a-lseekr.o)
 .debug_frame   0x00002360       0x58 d:/arm_gcc/8 2019-q3-update/bin/../lib/gcc/arm-none-eabi/8.3.1/../../../../arm-none-eabi/lib/thumb/v7-m/nofp\libc_nano.a(lib_a-makebuf.o)
 .debug_frame   0x000023b8       0x28 d:/arm_gcc/8 2019-q3-update/bin/../lib/gcc/arm-none-eabi/8.3.1/../../../../arm-none-eabi/lib/thumb/v7-m/nofp\libc_nano.a(lib_a-memchr-stub.o)
 .debug_frame   0x000023e0       0x30 d:/arm_gcc/8 2019-q3-update/bin/../lib/gcc/arm-none-eabi/8.3.1/../../../../arm-none-eabi/lib/thumb/v7-m/nofp\libc_nano.a(lib_a-mlock.o)
 .debug_frame   0x00002410       0x38 d:/arm_gcc/8 2019-q3-update/bin/../lib/gcc/arm-none-eabi/8.3.1/../../../../arm-none-eabi/lib/thumb/v7-m/nofp\libc_nano.a(lib_a-nano-freer.o)
 .debug_frame   0x00002448       0x2c d:/arm_gcc/8 2019-q3-update/bin/../lib/gcc/arm-none-eabi/8.3.1/../../../../arm-none-eabi/lib/thumb/v7-m/nofp\libc_nano.a(lib_a-readr.o)
 .debug_frame   0x00002474       0x5c d:/arm_gcc/8 2019-q3-update/bin/../lib/gcc/arm-none-eabi/8.3.1/../../../../arm-none-eabi/lib/thumb/v7-m/nofp\libc_nano.a(lib_a-reent.o)
 .debug_frame   0x000024d0       0x2c d:/arm_gcc/8 2019-q3-update/bin/../lib/gcc/arm-none-eabi/8.3.1/../../../../arm-none-eabi/lib/thumb/v7-m/nofp\libc_nano.a(lib_a-fstatr.o)
 .debug_frame   0x000024fc       0x2c d:/arm_gcc/8 2019-q3-update/bin/../lib/gcc/arm-none-eabi/8.3.1/../../../../arm-none-eabi/lib/thumb/v7-m/nofp\libc_nano.a(lib_a-isattyr.o)
 .debug_frame   0x00002528       0x20 d:/arm_gcc/8 2019-q3-update/bin/../lib/gcc/arm-none-eabi/8.3.1/../../../../arm-none-eabi/lib/thumb/v7-m/nofp\libnosys.a(close.o)
 .debug_frame   0x00002548       0x20 d:/arm_gcc/8 2019-q3-update/bin/../lib/gcc/arm-none-eabi/8.3.1/../../../../arm-none-eabi/lib/thumb/v7-m/nofp\libnosys.a(fstat.o)
 .debug_frame   0x00002568       0x20 d:/arm_gcc/8 2019-q3-update/bin/../lib/gcc/arm-none-eabi/8.3.1/../../../../arm-none-eabi/lib/thumb/v7-m/nofp\libnosys.a(isatty.o)
 .debug_frame   0x00002588       0x20 d:/arm_gcc/8 2019-q3-update/bin/../lib/gcc/arm-none-eabi/8.3.1/../../../../arm-none-eabi/lib/thumb/v7-m/nofp\libnosys.a(lseek.o)
 .debug_frame   0x000025a8       0x20 d:/arm_gcc/8 2019-q3-update/bin/../lib/gcc/arm-none-eabi/8.3.1/../../../../arm-none-eabi/lib/thumb/v7-m/nofp\libnosys.a(read.o)
 .debug_frame   0x000025c8       0x20 d:/arm_gcc/8 2019-q3-update/bin/../lib/gcc/arm-none-eabi/8.3.1/../../../../arm-none-eabi/lib/thumb/v7-m/nofp\libnosys.a(sbrk.o)
 .debug_frame   0x000025e8       0x20 d:/arm_gcc/8 2019-q3-update/bin/../lib/gcc/arm-none-eabi/8.3.1/../../../../arm-none-eabi/lib/thumb/v7-m/nofp\libnosys.a(write.o)
 .debug_frame   0x00002608       0x2c d:/arm_gcc/8 2019-q3-update/bin/../lib/gcc/arm-none-eabi/8.3.1/thumb/v7-m/nofp\libgcc.a(_aeabi_uldivmod.o)
 .debug_frame   0x00002634       0x34 d:/arm_gcc/8 2019-q3-update/bin/../lib/gcc/arm-none-eabi/8.3.1/thumb/v7-m/nofp\libgcc.a(_udivmoddi4.o)

.stab           0x00000000       0x9c
 .stab          0x00000000       0x24 d:/arm_gcc/8 2019-q3-update/bin/../lib/gcc/arm-none-eabi/8.3.1/../../../../arm-none-eabi/lib/thumb/v7-m/nofp\libnosys.a(close.o)
 .stab          0x00000024       0x18 d:/arm_gcc/8 2019-q3-update/bin/../lib/gcc/arm-none-eabi/8.3.1/../../../../arm-none-eabi/lib/thumb/v7-m/nofp\libnosys.a(fstat.o)
                                 0x24 (size before relaxing)
 .stab          0x0000003c       0x18 d:/arm_gcc/8 2019-q3-update/bin/../lib/gcc/arm-none-eabi/8.3.1/../../../../arm-none-eabi/lib/thumb/v7-m/nofp\libnosys.a(isatty.o)
                                 0x24 (size before relaxing)
 .stab          0x00000054       0x18 d:/arm_gcc/8 2019-q3-update/bin/../lib/gcc/arm-none-eabi/8.3.1/../../../../arm-none-eabi/lib/thumb/v7-m/nofp\libnosys.a(lseek.o)
                                 0x24 (size before relaxing)
 .stab          0x0000006c       0x18 d:/arm_gcc/8 2019-q3-update/bin/../lib/gcc/arm-none-eabi/8.3.1/../../../../arm-none-eabi/lib/thumb/v7-m/nofp\libnosys.a(read.o)
                                 0x24 (size before relaxing)
 .stab          0x00000084       0x18 d:/arm_gcc/8 2019-q3-update/bin/../lib/gcc/arm-none-eabi/8.3.1/../../../../arm-none-eabi/lib/thumb/v7-m/nofp\libnosys.a(write.o)
                                 0x24 (size before relaxing)

.stabstr        0x00000000      0x14d
 .stabstr       0x00000000      0x14d d:/arm_gcc/8 2019-q3-update/bin/../lib/gcc/arm-none-eabi/8.3.1/../../../../arm-none-eabi/lib/thumb/v7-m/nofp\libnosys.a(close.o)

Cross Reference Table

Symbol                                            File
ADC1_2_IRQHandler                                 build/startup_stm32f103xe.o
ADC3_IRQHandler                                   build/startup_stm32f103xe.o
AHBPrescTable                                     build/system_stm32f1xx.o
                                                  build/stm32f1xx_hal_rcc.o
APBPrescTable                                     build/system_stm32f1xx.o
                                                  build/stm32f1xx_hal_rcc.o
BusFault_Handler                                  build/stm32f1xx_it.o
CAN1_RX1_IRQHandler                               build/startup_stm32f103xe.o
CAN1_SCE_IRQHandler                               build/startup_stm32f103xe.o
DMA1_Channel1_IRQHandler                          build/startup_stm32f103xe.o
DMA1_Channel2_IRQHandler                          build/startup_stm32f103xe.o
DMA1_Channel3_IRQHandler                          build/startup_stm32f103xe.o
DMA1_Channel4_IRQHandler                          build/startup_stm32f103xe.o
DMA1_Channel5_IRQHandler                          build/startup_stm32f103xe.o
DMA1_Channel6_IRQHandler                          build/startup_stm32f103xe.o
DMA1_Channel7_IRQHandler                          build/startup_stm32f103xe.o
DMA2_Channel1_IRQHandler                          build/startup_stm32f103xe.o
DMA2_Channel2_IRQHandler                          build/startup_stm32f103xe.o
DMA2_Channel3_IRQHandler                          build/startup_stm32f103xe.o
DMA2_Channel4_5_IRQHandler                        build/startup_stm32f103xe.o
DebugMon_Handler                                  build/stm32f1xx_it.o
Default_Handler                                   build/startup_stm32f103xe.o
EXTI0_IRQHandler                                  build/startup_stm32f103xe.o
EXTI15_10_IRQHandler                              build/startup_stm32f103xe.o
EXTI1_IRQHandler                                  build/startup_stm32f103xe.o
EXTI2_IRQHandler                                  build/startup_stm32f103xe.o
EXTI3_IRQHandler                                  build/startup_stm32f103xe.o
EXTI4_IRQHandler                                  build/startup_stm32f103xe.o
EXTI9_5_IRQHandler                                build/startup_stm32f103xe.o
Error_Handler                                     build/main.o
FLASH_IRQHandler                                  build/startup_stm32f103xe.o
FLASH_PageErase                                   build/stm32f1xx_hal_flash_ex.o
                                                  build/stm32f1xx_hal_flash.o
FLASH_WaitForLastOperation                        build/stm32f1xx_hal_flash.o
                                                  build/stm32f1xx_hal_flash_ex.o
FSMC_IRQHandler                                   build/startup_stm32f103xe.o
HAL_DBGMCU_DisableDBGSleepMode                    build/stm32f1xx_hal.o
HAL_DBGMCU_DisableDBGStandbyMode                  build/stm32f1xx_hal.o
HAL_DBGMCU_DisableDBGStopMode                     build/stm32f1xx_hal.o
HAL_DBGMCU_EnableDBGSleepMode                     build/stm32f1xx_hal.o
HAL_DBGMCU_EnableDBGStandbyMode                   build/stm32f1xx_hal.o
HAL_DBGMCU_EnableDBGStopMode                      build/stm32f1xx_hal.o
HAL_DMA_Abort                                     build/stm32f1xx_hal_dma.o
HAL_DMA_Abort_IT                                  build/stm32f1xx_hal_dma.o
HAL_DMA_DeInit                                    build/stm32f1xx_hal_dma.o
HAL_DMA_GetError                                  build/stm32f1xx_hal_dma.o
HAL_DMA_GetState                                  build/stm32f1xx_hal_dma.o
HAL_DMA_IRQHandler                                build/stm32f1xx_hal_dma.o
HAL_DMA_Init                                      build/stm32f1xx_hal_dma.o
HAL_DMA_PollForTransfer                           build/stm32f1xx_hal_dma.o
HAL_DMA_RegisterCallback                          build/stm32f1xx_hal_dma.o
HAL_DMA_Start                                     build/stm32f1xx_hal_dma.o
HAL_DMA_Start_IT                                  build/stm32f1xx_hal_dma.o
HAL_DMA_UnRegisterCallback                        build/stm32f1xx_hal_dma.o
HAL_DeInit                                        build/stm32f1xx_hal.o
HAL_Delay                                         build/stm32f1xx_hal.o
HAL_FLASHEx_Erase                                 build/stm32f1xx_hal_flash_ex.o
HAL_FLASHEx_Erase_IT                              build/stm32f1xx_hal_flash_ex.o
HAL_FLASHEx_OBErase                               build/stm32f1xx_hal_flash_ex.o
HAL_FLASHEx_OBGetConfig                           build/stm32f1xx_hal_flash_ex.o
HAL_FLASHEx_OBGetUserData                         build/stm32f1xx_hal_flash_ex.o
HAL_FLASHEx_OBProgram                             build/stm32f1xx_hal_flash_ex.o
HAL_FLASH_EndOfOperationCallback                  build/stm32f1xx_hal_flash.o
HAL_FLASH_GetError                                build/stm32f1xx_hal_flash.o
HAL_FLASH_IRQHandler                              build/stm32f1xx_hal_flash.o
HAL_FLASH_Lock                                    build/stm32f1xx_hal_flash.o
HAL_FLASH_OB_Launch                               build/stm32f1xx_hal_flash.o
HAL_FLASH_OB_Lock                                 build/stm32f1xx_hal_flash.o
HAL_FLASH_OB_Unlock                               build/stm32f1xx_hal_flash.o
HAL_FLASH_OperationErrorCallback                  build/stm32f1xx_hal_flash.o
HAL_FLASH_Program                                 build/stm32f1xx_hal_flash.o
HAL_FLASH_Program_IT                              build/stm32f1xx_hal_flash.o
HAL_FLASH_Unlock                                  build/stm32f1xx_hal_flash.o
HAL_GPIOEx_ConfigEventout                         build/stm32f1xx_hal_gpio_ex.o
HAL_GPIOEx_DisableEventout                        build/stm32f1xx_hal_gpio_ex.o
HAL_GPIOEx_EnableEventout                         build/stm32f1xx_hal_gpio_ex.o
HAL_GPIO_DeInit                                   build/stm32f1xx_hal_gpio.o
HAL_GPIO_EXTI_Callback                            build/stm32f1xx_hal_gpio.o
HAL_GPIO_EXTI_IRQHandler                          build/stm32f1xx_hal_gpio.o
HAL_GPIO_Init                                     build/stm32f1xx_hal_gpio.o
                                                  build/stm32f1xx_hal_rcc.o
                                                  build/gpio.o
HAL_GPIO_LockPin                                  build/stm32f1xx_hal_gpio.o
HAL_GPIO_ReadPin                                  build/stm32f1xx_hal_gpio.o
HAL_GPIO_TogglePin                                build/stm32f1xx_hal_gpio.o
                                                  build/main.o
HAL_GPIO_WritePin                                 build/stm32f1xx_hal_gpio.o
                                                  build/gpio.o
HAL_GetDEVID                                      build/stm32f1xx_hal.o
HAL_GetHalVersion                                 build/stm32f1xx_hal.o
HAL_GetREVID                                      build/stm32f1xx_hal.o
HAL_GetTick                                       build/stm32f1xx_hal.o
                                                  build/stm32f1xx_hal_flash.o
                                                  build/stm32f1xx_hal_dma.o
                                                  build/stm32f1xx_hal_rcc_ex.o
                                                  build/stm32f1xx_hal_rcc.o
HAL_GetTickFreq                                   build/stm32f1xx_hal.o
HAL_GetTickPrio                                   build/stm32f1xx_hal.o
HAL_GetUID                                        build/stm32f1xx_hal.o
HAL_IncTick                                       build/stm32f1xx_hal.o
                                                  build/stm32f1xx_it.o
HAL_Init                                          build/stm32f1xx_hal.o
                                                  build/main.o
HAL_InitTick                                      build/stm32f1xx_hal.o
                                                  build/stm32f1xx_hal_rcc.o
HAL_MspDeInit                                     build/stm32f1xx_hal.o
HAL_MspInit                                       build/stm32f1xx_hal_msp.o
HAL_NVIC_ClearPendingIRQ                          build/stm32f1xx_hal_cortex.o
HAL_NVIC_DisableIRQ                               build/stm32f1xx_hal_cortex.o
HAL_NVIC_EnableIRQ                                build/stm32f1xx_hal_cortex.o
HAL_NVIC_GetActive                                build/stm32f1xx_hal_cortex.o
HAL_NVIC_GetPendingIRQ                            build/stm32f1xx_hal_cortex.o
HAL_NVIC_GetPriority                              build/stm32f1xx_hal_cortex.o
HAL_NVIC_GetPriorityGrouping                      build/stm32f1xx_hal_cortex.o
HAL_NVIC_SetPendingIRQ                            build/stm32f1xx_hal_cortex.o
HAL_NVIC_SetPriority                              build/stm32f1xx_hal_cortex.o
                                                  build/stm32f1xx_hal.o
HAL_NVIC_SetPriorityGrouping                      build/stm32f1xx_hal_cortex.o
                                                  build/stm32f1xx_hal.o
HAL_NVIC_SystemReset                              build/stm32f1xx_hal_cortex.o
                                                  build/stm32f1xx_hal_flash.o
HAL_PWR_ConfigPVD                                 build/stm32f1xx_hal_pwr.o
HAL_PWR_DeInit                                    build/stm32f1xx_hal_pwr.o
HAL_PWR_DisableBkUpAccess                         build/stm32f1xx_hal_pwr.o
HAL_PWR_DisablePVD                                build/stm32f1xx_hal_pwr.o
HAL_PWR_DisableSEVOnPend                          build/stm32f1xx_hal_pwr.o
HAL_PWR_DisableSleepOnExit                        build/stm32f1xx_hal_pwr.o
HAL_PWR_DisableWakeUpPin                          build/stm32f1xx_hal_pwr.o
HAL_PWR_EnableBkUpAccess                          build/stm32f1xx_hal_pwr.o
HAL_PWR_EnablePVD                                 build/stm32f1xx_hal_pwr.o
HAL_PWR_EnableSEVOnPend                           build/stm32f1xx_hal_pwr.o
HAL_PWR_EnableSleepOnExit                         build/stm32f1xx_hal_pwr.o
HAL_PWR_EnableWakeUpPin                           build/stm32f1xx_hal_pwr.o
HAL_PWR_EnterSLEEPMode                            build/stm32f1xx_hal_pwr.o
HAL_PWR_EnterSTANDBYMode                          build/stm32f1xx_hal_pwr.o
HAL_PWR_EnterSTOPMode                             build/stm32f1xx_hal_pwr.o
HAL_PWR_PVDCallback                               build/stm32f1xx_hal_pwr.o
HAL_PWR_PVD_IRQHandler                            build/stm32f1xx_hal_pwr.o
HAL_RCCEx_GetPeriphCLKConfig                      build/stm32f1xx_hal_rcc_ex.o
HAL_RCCEx_GetPeriphCLKFreq                        build/stm32f1xx_hal_rcc_ex.o
HAL_RCCEx_PeriphCLKConfig                         build/stm32f1xx_hal_rcc_ex.o
HAL_RCC_CSSCallback                               build/stm32f1xx_hal_rcc.o
HAL_RCC_ClockConfig                               build/stm32f1xx_hal_rcc.o
                                                  build/main.o
HAL_RCC_DeInit                                    build/stm32f1xx_hal_rcc.o
HAL_RCC_DisableCSS                                build/stm32f1xx_hal_rcc.o
HAL_RCC_EnableCSS                                 build/stm32f1xx_hal_rcc.o
HAL_RCC_GetClockConfig                            build/stm32f1xx_hal_rcc.o
HAL_RCC_GetHCLKFreq                               build/stm32f1xx_hal_rcc.o
HAL_RCC_GetOscConfig                              build/stm32f1xx_hal_rcc.o
HAL_RCC_GetPCLK1Freq                              build/stm32f1xx_hal_rcc.o
HAL_RCC_GetPCLK2Freq                              build/stm32f1xx_hal_rcc.o
                                                  build/stm32f1xx_hal_rcc_ex.o
HAL_RCC_GetSysClockFreq                           build/stm32f1xx_hal_rcc.o
                                                  build/stm32f1xx_hal_rcc_ex.o
HAL_RCC_MCOConfig                                 build/stm32f1xx_hal_rcc.o
HAL_RCC_NMI_IRQHandler                            build/stm32f1xx_hal_rcc.o
HAL_RCC_OscConfig                                 build/stm32f1xx_hal_rcc.o
                                                  build/main.o
HAL_ResumeTick                                    build/stm32f1xx_hal.o
HAL_SYSTICK_CLKSourceConfig                       build/stm32f1xx_hal_cortex.o
HAL_SYSTICK_Callback                              build/stm32f1xx_hal_cortex.o
HAL_SYSTICK_Config                                build/stm32f1xx_hal_cortex.o
                                                  build/stm32f1xx_hal.o
HAL_SYSTICK_IRQHandler                            build/stm32f1xx_hal_cortex.o
HAL_SetTickFreq                                   build/stm32f1xx_hal.o
HAL_SuspendTick                                   build/stm32f1xx_hal.o
HardFault_Handler                                 build/stm32f1xx_it.o
I2C1_ER_IRQHandler                                build/startup_stm32f103xe.o
I2C1_EV_IRQHandler                                build/startup_stm32f103xe.o
I2C2_ER_IRQHandler                                build/startup_stm32f103xe.o
I2C2_EV_IRQHandler                                build/startup_stm32f103xe.o
MX_GPIO_Init                                      build/gpio.o
                                                  build/main.o
MemManage_Handler                                 build/stm32f1xx_it.o
NMI_Handler                                       build/stm32f1xx_it.o
PVD_IRQHandler                                    build/startup_stm32f103xe.o
PendSV_Handler                                    build/port_s.o
                                                  build/stm32f1xx_it.o
RCC_IRQHandler                                    build/startup_stm32f103xe.o
RTC_Alarm_IRQHandler                              build/startup_stm32f103xe.o
RTC_IRQHandler                                    build/startup_stm32f103xe.o
Reset_Handler                                     build/startup_stm32f103xe.o
SDIO_IRQHandler                                   build/startup_stm32f103xe.o
SPI1_IRQHandler                                   build/startup_stm32f103xe.o
SPI2_IRQHandler                                   build/startup_stm32f103xe.o
SPI3_IRQHandler                                   build/startup_stm32f103xe.o
SVC_Handler                                       build/stm32f1xx_it.o
SysTick_Handler                                   build/stm32f1xx_it.o